Component: ARM Compiler 5.06 update 6 (build 750) Tool: armlink [4d35ed]

==============================================================================

Section Cross References

    startup_stm32f767xx.o(RESET) refers to startup_stm32f767xx.o(STACK) for __initial_sp
    startup_stm32f767xx.o(RESET) refers to startup_stm32f767xx.o(.text) for Reset_Handler
    startup_stm32f767xx.o(RESET) refers to stm32f7xx_it.o(i.NMI_Handler) for NMI_Handler
    startup_stm32f767xx.o(RESET) refers to stm32f7xx_it.o(i.HardFault_Handler) for HardFault_Handler
    startup_stm32f767xx.o(RESET) refers to stm32f7xx_it.o(i.MemManage_Handler) for MemManage_Handler
    startup_stm32f767xx.o(RESET) refers to stm32f7xx_it.o(i.BusFault_Handler) for BusFault_Handler
    startup_stm32f767xx.o(RESET) refers to stm32f7xx_it.o(i.UsageFault_Handler) for UsageFault_Handler
    startup_stm32f767xx.o(RESET) refers to stm32f7xx_it.o(i.SVC_Handler) for SVC_Handler
    startup_stm32f767xx.o(RESET) refers to stm32f7xx_it.o(i.DebugMon_Handler) for DebugMon_Handler
    startup_stm32f767xx.o(RESET) refers to stm32f7xx_it.o(i.PendSV_Handler) for PendSV_Handler
    startup_stm32f767xx.o(RESET) refers to stm32f7xx_it.o(i.SysTick_Handler) for SysTick_Handler
    startup_stm32f767xx.o(RESET) refers to stm32f7xx_it.o(i.DMA1_Stream5_IRQHandler) for DMA1_Stream5_IRQHandler
    startup_stm32f767xx.o(RESET) refers to stm32f7xx_it.o(i.DMA1_Stream6_IRQHandler) for DMA1_Stream6_IRQHandler
    startup_stm32f767xx.o(RESET) refers to stm32f7xx_it.o(i.USART1_IRQHandler) for USART1_IRQHandler
    startup_stm32f767xx.o(RESET) refers to stm32f7xx_it.o(i.USART2_IRQHandler) for USART2_IRQHandler
    startup_stm32f767xx.o(RESET) refers to stm32f7xx_it.o(i.EXTI15_10_IRQHandler) for EXTI15_10_IRQHandler
    startup_stm32f767xx.o(RESET) refers to stm32f7xx_it.o(i.UART4_IRQHandler) for UART4_IRQHandler
    startup_stm32f767xx.o(RESET) refers to stm32f7xx_it.o(i.UART5_IRQHandler) for UART5_IRQHandler
    startup_stm32f767xx.o(.text) refers to system_stm32f7xx.o(i.SystemInit) for SystemInit
    startup_stm32f767xx.o(.text) refers to entry.o(.ARM.Collect$$$$00000000) for __main
    main.o(i.main) refers to config.o(i.CacheEnalble) for CacheEnalble
    main.o(i.main) refers to stm32f7xx_hal.o(i.HAL_Init) for HAL_Init
    main.o(i.main) refers to clock_init.o(i.SystemClock_Config) for SystemClock_Config
    main.o(i.main) refers to mti_630.o(i.MTi_630_Init) for MTi_630_Init
    main.o(i.main) refers to led.o(i.LED_Init) for LED_Init
    main.o(i.main) refers to sdram.o(i.SDRAM_FMC_Init) for SDRAM_FMC_Init
    main.o(i.main) refers to usb2uart.o(i.USB2UART_Init) for USB2UART_Init
    main.o(i.main) refers to dynamixelmotor.o(i.DXLMotor_Init) for DXLMotor_Init
    main.o(i.main) refers to mti_630.o(i.getMti630Data) for getMti630Data
    main.o(i.main) refers to usb2uart.o(i.USB2UART_SendData) for USB2UART_SendData
    main.o(i.main) refers to stm32f7xx_hal.o(i.HAL_Delay) for HAL_Delay
    main.o(i.main) refers to commandprocess.o(i.Data_Receive) for Data_Receive
    main.o(i.main) refers to dataframe.o(i.Data_Send) for Data_Send
    stm32f7xx_it.o(i.DMA1_Stream5_IRQHandler) refers to mti_630.o(.bss) for hdma_usart2_rx
    stm32f7xx_it.o(i.DMA1_Stream5_IRQHandler) refers to mti_630.o(.data) for MTi_630_aRxBuffer
    stm32f7xx_it.o(i.DMA1_Stream5_IRQHandler) refers to mti_630.o(.ARM.__AT_0xC0000100) for MTi_630_aRxBuffer1
    stm32f7xx_it.o(i.DMA1_Stream5_IRQHandler) refers to mti_630.o(.ARM.__AT_0xC0000000) for MTi_630_aRxBuffer0
    stm32f7xx_it.o(i.DMA1_Stream6_IRQHandler) refers to stm32f7xx_hal_dma.o(i.HAL_DMA_IRQHandler) for HAL_DMA_IRQHandler
    stm32f7xx_it.o(i.DMA1_Stream6_IRQHandler) refers to mti_630.o(.bss) for hdma_usart2_tx
    stm32f7xx_it.o(i.EXTI15_10_IRQHandler) refers to stm32f7xx_hal_gpio.o(i.HAL_GPIO_EXTI_IRQHandler) for HAL_GPIO_EXTI_IRQHandler
    stm32f7xx_it.o(i.NMI_Handler) refers to stm32f7xx_hal_rcc.o(i.HAL_RCC_NMI_IRQHandler) for HAL_RCC_NMI_IRQHandler
    stm32f7xx_it.o(i.SysTick_Handler) refers to stm32f7xx_hal.o(i.HAL_IncTick) for HAL_IncTick
    stm32f7xx_it.o(i.UART4_IRQHandler) refers to usb2uart.o(.bss) for huart4
    stm32f7xx_it.o(i.UART4_IRQHandler) refers to stm32f7xx_it.o(.data) for .data
    stm32f7xx_it.o(i.UART5_IRQHandler) refers to stm32f7xx_hal_uart.o(i.HAL_UART_IRQHandler) for HAL_UART_IRQHandler
    stm32f7xx_it.o(i.UART5_IRQHandler) refers to debug_uart5.o(.bss) for huart5
    stm32f7xx_it.o(i.USART1_IRQHandler) refers to dynamixelmotor.o(.bss) for huart1
    stm32f7xx_it.o(i.USART1_IRQHandler) refers to stm32f7xx_it.o(.data) for .data
    stm32f7xx_it.o(i.USART2_IRQHandler) refers to usb2uart.o(i.USB2UART_SendData) for USB2UART_SendData
    stm32f7xx_it.o(i.USART2_IRQHandler) refers to mti_630.o(.bss) for huart2
    stm32f7xx_it.o(i.USART2_IRQHandler) refers to mti_630.o(.ARM.__AT_0xC0000000) for MTi_630_aRxBuffer0
    stm32f7xx_hal_msp.o(i.HAL_SDRAM_MspInit) refers to stm32f7xx_hal_gpio.o(i.HAL_GPIO_Init) for HAL_GPIO_Init
[...]
    Removing stm32f7xx_hal_dma.o(i.HAL_DMA_RegisterCallback), (86 bytes).
    Removing stm32f7xx_hal_dma.o(i.HAL_DMA_Start_IT), (170 bytes).
    Removing stm32f7xx_hal_dma.o(i.HAL_DMA_UnRegisterCallback), (96 bytes).
    Removing stm32f7xx_hal_dma_ex.o(.rev16_text), (4 bytes).
    Removing stm32f7xx_hal_dma_ex.o(.revsh_text), (4 bytes).
    Removing stm32f7xx_hal_dma_ex.o(.rrx_text), (6 bytes).
    Removing stm32f7xx_hal_dma_ex.o(i.HAL_DMAEx_ChangeMemory), (14 bytes).
    Removing stm32f7xx_hal_dma_ex.o(i.HAL_DMAEx_MultiBufferStart), (124 bytes).
    Removing stm32f7xx_hal_pwr.o(.rev16_text), (4 bytes).
    Removing stm32f7xx_hal_pwr.o(.revsh_text), (4 bytes).
    Removing stm32f7xx_hal_pwr.o(.rrx_text), (6 bytes).
    Removing stm32f7xx_hal_pwr.o(i.HAL_PWR_ConfigPVD), (156 bytes).
    Removing stm32f7xx_hal_pwr.o(i.HAL_PWR_DeInit), (24 bytes).
    Removing stm32f7xx_hal_pwr.o(i.HAL_PWR_DisableBkUpAccess), (16 bytes).
    Removing stm32f7xx_hal_pwr.o(i.HAL_PWR_DisablePVD), (16 bytes).
    Removing stm32f7xx_hal_pwr.o(i.HAL_PWR_DisableSEVOnPend), (16 bytes).
    Removing stm32f7xx_hal_pwr.o(i.HAL_PWR_DisableSleepOnExit), (16 bytes).
    Removing stm32f7xx_hal_pwr.o(i.HAL_PWR_DisableWakeUpPin), (16 bytes).
    Removing stm32f7xx_hal_pwr.o(i.HAL_PWR_EnablePVD), (16 bytes).
    Removing stm32f7xx_hal_pwr.o(i.HAL_PWR_EnableSEVOnPend), (16 bytes).
    Removing stm32f7xx_hal_pwr.o(i.HAL_PWR_EnableSleepOnExit), (16 bytes).
    Removing stm32f7xx_hal_pwr.o(i.HAL_PWR_EnableWakeUpPin), (32 bytes).
    Removing stm32f7xx_hal_pwr.o(i.HAL_PWR_EnterSLEEPMode), (36 bytes).
    Removing stm32f7xx_hal_pwr.o(i.HAL_PWR_EnterSTANDBYMode), (32 bytes).
    Removing stm32f7xx_hal_pwr.o(i.HAL_PWR_EnterSTOPMode), (60 bytes).
    Removing stm32f7xx_hal_pwr.o(i.HAL_PWR_PVDCallback), (2 bytes).
    Removing stm32f7xx_hal_pwr.o(i.HAL_PWR_PVD_IRQHandler), (32 bytes).
    Removing stm32f7xx_hal_pwr_ex.o(.rev16_text), (4 bytes).
    Removing stm32f7xx_hal_pwr_ex.o(.revsh_text), (4 bytes).
    Removing stm32f7xx_hal_pwr_ex.o(.rrx_text), (6 bytes).
    Removing stm32f7xx_hal_pwr_ex.o(i.HAL_PWREx_ControlVoltageScaling), (200 bytes).
    Removing stm32f7xx_hal_pwr_ex.o(i.HAL_PWREx_DisableBkUpReg), (68 bytes).
    Removing stm32f7xx_hal_pwr_ex.o(i.HAL_PWREx_DisableFlashPowerDown), (16 bytes).
    Removing stm32f7xx_hal_pwr_ex.o(i.HAL_PWREx_DisableLowRegulatorLowVoltage), (16 bytes).
    Removing stm32f7xx_hal_pwr_ex.o(i.HAL_PWREx_DisableMainRegulatorLowVoltage), (16 bytes).
    Removing stm32f7xx_hal_pwr_ex.o(i.HAL_PWREx_DisableOverDrive), (124 bytes).
    Removing stm32f7xx_hal_pwr_ex.o(i.HAL_PWREx_EnableBkUpReg), (68 bytes).
    Removing stm32f7xx_hal_pwr_ex.o(i.HAL_PWREx_EnableFlashPowerDown), (16 bytes).
    Removing stm32f7xx_hal_pwr_ex.o(i.HAL_PWREx_EnableLowRegulatorLowVoltage), (16 bytes).
    Removing stm32f7xx_hal_pwr_ex.o(i.HAL_PWREx_EnableMainRegulatorLowVoltage), (16 bytes).
    Removing stm32f7xx_hal_pwr_ex.o(i.HAL_PWREx_EnterUnderDriveSTOPMode), (148 bytes).
    Removing stm32f7xx_hal_pwr_ex.o(i.HAL_PWREx_GetVoltageRange), (16 bytes).
    Removing stm32f7xx_hal.o(.rev16_text), (4 bytes).
    Removing stm32f7xx_hal.o(.revsh_text), (4 bytes).
    Removing stm32f7xx_hal.o(.rrx_text), (6 bytes).
    Removing stm32f7xx_hal.o(i.HAL_DBGMCU_DisableDBGSleepMode), (16 bytes).
    Removing stm32f7xx_hal.o(i.HAL_DBGMCU_DisableDBGStandbyMode), (16 bytes).
    Removing stm32f7xx_hal.o(i.HAL_DBGMCU_DisableDBGStopMode), (16 bytes).
    Removing stm32f7xx_hal.o(i.HAL_DBGMCU_EnableDBGSleepMode), (16 bytes).
    Removing stm32f7xx_hal.o(i.HAL_DBGMCU_EnableDBGStandbyMode), (16 bytes).
    Removing stm32f7xx_hal.o(i.HAL_DBGMCU_EnableDBGStopMode), (16 bytes).
    Removing stm32f7xx_hal.o(i.HAL_DeInit), (56 bytes).
    Removing stm32f7xx_hal.o(i.HAL_DisableCompensationCell), (16 bytes).
    Removing stm32f7xx_hal.o(i.HAL_DisableFMCMemorySwapping), (16 bytes).
    Removing stm32f7xx_hal.o(i.HAL_DisableMemorySwappingBank), (16 bytes).
    Removing stm32f7xx_hal.o(i.HAL_EnableCompensationCell), (16 bytes).
    Removing stm32f7xx_hal.o(i.HAL_EnableFMCMemorySwapping), (16 bytes).
    Removing stm32f7xx_hal.o(i.HAL_EnableMemorySwappingBank), (16 bytes).
    Removing stm32f7xx_hal.o(i.HAL_GetDEVID), (16 bytes).
    Removing stm32f7xx_hal.o(i.HAL_GetHalVersion), (8 bytes).
    Removing stm32f7xx_hal.o(i.HAL_GetREVID), (12 bytes).
    Removing stm32f7xx_hal.o(i.HAL_GetTickFreq), (12 bytes).
    Removing stm32f7xx_hal.o(i.HAL_GetTickPrio), (12 bytes).
    Removing stm32f7xx_hal.o(i.HAL_GetUIDw0), (12 bytes).
    Removing stm32f7xx_hal.o(i.HAL_GetUIDw1), (12 bytes).
    Removing stm32f7xx_hal.o(i.HAL_GetUIDw2), (12 bytes).
    Removing stm32f7xx_hal.o(i.HAL_MspDeInit), (2 bytes).
    Removing stm32f7xx_hal.o(i.HAL_MspInit), (2 bytes).
    Removing stm32f7xx_hal.o(i.HAL_ResumeTick), (14 bytes).
    Removing stm32f7xx_hal.o(i.HAL_SetTickFreq), (36 bytes).
    Removing stm32f7xx_hal.o(i.HAL_SuspendTick), (14 bytes).
    Removing stm32f7xx_hal_i2c.o(.rev16_text), (4 bytes).
    Removing stm32f7xx_hal_i2c.o(.revsh_text), (4 bytes).
    Removing stm32f7xx_hal_i2c.o(.rrx_text), (6 bytes).
    Removing stm32f7xx_hal_i2c.o(i.HAL_I2C_AbortCpltCallback), (2 bytes).
    Removing stm32f7xx_hal_i2c.o(i.HAL_I2C_AddrCallback), (2 bytes).
    Removing stm32f7xx_hal_i2c.o(i.HAL_I2C_DeInit), (54 bytes).
    Removing stm32f7xx_hal_i2c.o(i.HAL_I2C_DisableListen_IT), (54 bytes).
    Removing stm32f7xx_hal_i2c.o(i.HAL_I2C_ER_IRQHandler), (112 bytes).
    Removing stm32f7xx_hal_i2c.o(i.HAL_I2C_EV_IRQHandler), (16 bytes).
    Removing stm32f7xx_hal_i2c.o(i.HAL_I2C_EnableListen_IT), (40 bytes).
    Removing stm32f7xx_hal_i2c.o(i.HAL_I2C_ErrorCallback), (2 bytes).
    Removing stm32f7xx_hal_i2c.o(i.HAL_I2C_GetError), (4 bytes).
    Removing stm32f7xx_hal_i2c.o(i.HAL_I2C_GetMode), (6 bytes).
    Removing stm32f7xx_hal_i2c.o(i.HAL_I2C_GetState), (6 bytes).
    Removing stm32f7xx_hal_i2c.o(i.HAL_I2C_Init), (176 bytes).
    Removing stm32f7xx_hal_i2c.o(i.HAL_I2C_IsDeviceReady), (336 bytes).
    Removing stm32f7xx_hal_i2c.o(i.HAL_I2C_ListenCpltCallback), (2 bytes).
    Removing stm32f7xx_hal_i2c.o(i.HAL_I2C_MasterRxCpltCallback), (2 bytes).
    Removing stm32f7xx_hal_i2c.o(i.HAL_I2C_MasterTxCpltCallback), (2 bytes).
    Removing stm32f7xx_hal_i2c.o(i.HAL_I2C_Master_Abort_IT), (96 bytes).
    Removing stm32f7xx_hal_i2c.o(i.HAL_I2C_Master_Receive), (456 bytes).
    Removing stm32f7xx_hal_i2c.o(i.HAL_I2C_Master_Receive_DMA), (312 bytes).
    Removing stm32f7xx_hal_i2c.o(i.HAL_I2C_Master_Receive_IT), (132 bytes).
    Removing stm32f7xx_hal_i2c.o(i.HAL_I2C_Master_Seq_Receive_DMA), (360 bytes).
    Removing stm32f7xx_hal_i2c.o(i.HAL_I2C_Master_Seq_Receive_IT), (172 bytes).
    Removing stm32f7xx_hal_i2c.o(i.HAL_I2C_Master_Seq_Transmit_DMA), (356 bytes).
    Removing stm32f7xx_hal_i2c.o(i.HAL_I2C_Master_Seq_Transmit_IT), (172 bytes).
    Removing stm32f7xx_hal_i2c.o(i.HAL_I2C_Master_Transmit), (332 bytes).
    Removing stm32f7xx_hal_i2c.o(i.HAL_I2C_Master_Transmit_DMA), (316 bytes).
    Removing stm32f7xx_hal_i2c.o(i.HAL_I2C_Master_Transmit_IT), (132 bytes).
    Removing stm32f7xx_hal_i2c.o(i.HAL_I2C_MemRxCpltCallback), (2 bytes).
    Removing stm32f7xx_hal_i2c.o(i.HAL_I2C_MemTxCpltCallback), (2 bytes).
    Removing stm32f7xx_hal_i2c.o(i.HAL_I2C_Mem_Read), (396 bytes).
    Removing stm32f7xx_hal_i2c.o(i.HAL_I2C_Mem_Read_DMA), (340 bytes).
    Removing stm32f7xx_hal_i2c.o(i.HAL_I2C_Mem_Read_IT), (212 bytes).
    Removing stm32f7xx_hal_i2c.o(i.HAL_I2C_Mem_Write), (384 bytes).
    Removing stm32f7xx_hal_i2c.o(i.HAL_I2C_Mem_Write_DMA), (332 bytes).
    Removing stm32f7xx_hal_i2c.o(i.HAL_I2C_Mem_Write_IT), (208 bytes).
    Removing stm32f7xx_hal_i2c.o(i.HAL_I2C_MspDeInit), (2 bytes).
    Removing stm32f7xx_hal_i2c.o(i.HAL_I2C_MspInit), (2 bytes).
    Removing stm32f7xx_hal_i2c.o(i.HAL_I2C_SlaveRxCpltCallback), (2 bytes).
    Removing stm32f7xx_hal_i2c.o(i.HAL_I2C_SlaveTxCpltCallback), (2 bytes).
    Removing stm32f7xx_hal_i2c.o(i.HAL_I2C_Slave_Receive), (428 bytes).
    Removing stm32f7xx_hal_i2c.o(i.HAL_I2C_Slave_Receive_DMA), (220 bytes).
    Removing stm32f7xx_hal_i2c.o(i.HAL_I2C_Slave_Receive_IT), (96 bytes).
    Removing stm32f7xx_hal_i2c.o(i.HAL_I2C_Slave_Seq_Receive_DMA), (404 bytes).
    Removing stm32f7xx_hal_i2c.o(i.HAL_I2C_Slave_Seq_Receive_IT), (220 bytes).
    Removing stm32f7xx_hal_i2c.o(i.HAL_I2C_Slave_Seq_Transmit_DMA), (400 bytes).
    Removing stm32f7xx_hal_i2c.o(i.HAL_I2C_Slave_Seq_Transmit_IT), (220 bytes).
    Removing stm32f7xx_hal_i2c.o(i.HAL_I2C_Slave_Transmit), (330 bytes).
    Removing stm32f7xx_hal_i2c.o(i.HAL_I2C_Slave_Transmit_DMA), (216 bytes).
    Removing stm32f7xx_hal_i2c.o(i.HAL_I2C_Slave_Transmit_IT), (96 bytes).
    Removing stm32f7xx_hal_i2c.o(i.I2C_DMAAbort), (40 bytes).
    Removing stm32f7xx_hal_i2c.o(i.I2C_DMAError), (74 bytes).
    Removing stm32f7xx_hal_i2c.o(i.I2C_DMAMasterReceiveCplt), (78 bytes).
    Removing stm32f7xx_hal_i2c.o(i.I2C_DMAMasterTransmitCplt), (78 bytes).
    Removing stm32f7xx_hal_i2c.o(i.I2C_DMASlaveReceiveCplt), (38 bytes).
    Removing stm32f7xx_hal_i2c.o(i.I2C_DMASlaveTransmitCplt), (28 bytes).
    Removing stm32f7xx_hal_i2c.o(i.I2C_Disable_IRQ), (96 bytes).
    Removing stm32f7xx_hal_i2c.o(i.I2C_Enable_IRQ), (120 bytes).
    Removing stm32f7xx_hal_i2c.o(i.I2C_Flush_TXDR), (36 bytes).
    Removing stm32f7xx_hal_i2c.o(i.I2C_ITAddrCplt), (174 bytes).
    Removing stm32f7xx_hal_i2c.o(i.I2C_ITError), (240 bytes).
    Removing stm32f7xx_hal_i2c.o(i.I2C_ITListenCplt), (96 bytes).
    Removing stm32f7xx_hal_i2c.o(i.I2C_ITMasterCplt), (184 bytes).
    Removing stm32f7xx_hal_i2c.o(i.I2C_ITMasterSeqCplt), (76 bytes).
    Removing stm32f7xx_hal_i2c.o(i.I2C_ITSlaveCplt), (256 bytes).
    Removing stm32f7xx_hal_i2c.o(i.I2C_ITSlaveSeqCplt), (86 bytes).
    Removing stm32f7xx_hal_i2c.o(i.I2C_IsAcknowledgeFailed), (156 bytes).
    Removing stm32f7xx_hal_i2c.o(i.I2C_Master_ISR_DMA), (284 bytes).
    Removing stm32f7xx_hal_i2c.o(i.I2C_Master_ISR_IT), (360 bytes).
    Removing stm32f7xx_hal_i2c.o(i.I2C_RequestMemoryRead), (104 bytes).
    Removing stm32f7xx_hal_i2c.o(i.I2C_RequestMemoryWrite), (104 bytes).
    Removing stm32f7xx_hal_i2c.o(i.I2C_Slave_ISR_DMA), (252 bytes).
    Removing stm32f7xx_hal_i2c.o(i.I2C_Slave_ISR_IT), (314 bytes).
    Removing stm32f7xx_hal_i2c.o(i.I2C_TransferConfig), (52 bytes).
    Removing stm32f7xx_hal_i2c.o(i.I2C_WaitOnFlagUntilTimeout), (104 bytes).
    Removing stm32f7xx_hal_i2c.o(i.I2C_WaitOnSTOPFlagUntilTimeout), (88 bytes).
    Removing stm32f7xx_hal_i2c.o(i.I2C_WaitOnTXISFlagUntilTimeout), (94 bytes).
    Removing stm32f7xx_hal_i2c_ex.o(.rev16_text), (4 bytes).
    Removing stm32f7xx_hal_i2c_ex.o(.revsh_text), (4 bytes).
    Removing stm32f7xx_hal_i2c_ex.o(.rrx_text), (6 bytes).
    Removing stm32f7xx_hal_i2c_ex.o(i.HAL_I2CEx_ConfigAnalogFilter), (86 bytes).
    Removing stm32f7xx_hal_i2c_ex.o(i.HAL_I2CEx_ConfigDigitalFilter), (82 bytes).
    Removing stm32f7xx_hal_i2c_ex.o(i.HAL_I2CEx_DisableFastModePlus), (44 bytes).
    Removing stm32f7xx_hal_i2c_ex.o(i.HAL_I2CEx_EnableFastModePlus), (40 bytes).
    Removing stm32f7xx_hal_exti.o(.rev16_text), (4 bytes).
    Removing stm32f7xx_hal_exti.o(.revsh_text), (4 bytes).
    Removing stm32f7xx_hal_exti.o(.rrx_text), (6 bytes).
    Removing stm32f7xx_hal_exti.o(i.HAL_EXTI_ClearConfigLine), (136 bytes).
    Removing stm32f7xx_hal_exti.o(i.HAL_EXTI_ClearPending), (24 bytes).
    Removing stm32f7xx_hal_exti.o(i.HAL_EXTI_GenerateSWI), (24 bytes).
    Removing stm32f7xx_hal_exti.o(i.HAL_EXTI_GetConfigLine), (180 bytes).
    Removing stm32f7xx_hal_exti.o(i.HAL_EXTI_GetHandle), (12 bytes).
    Removing stm32f7xx_hal_exti.o(i.HAL_EXTI_GetPending), (28 bytes).
    Removing stm32f7xx_hal_exti.o(i.HAL_EXTI_IRQHandler), (40 bytes).
    Removing stm32f7xx_hal_exti.o(i.HAL_EXTI_RegisterCallback), (14 bytes).
    Removing stm32f7xx_hal_exti.o(i.HAL_EXTI_SetConfigLine), (204 bytes).
    Removing stm32f7xx_hal_iwdg.o(.rev16_text), (4 bytes).
    Removing stm32f7xx_hal_iwdg.o(.revsh_text), (4 bytes).
    Removing stm32f7xx_hal_iwdg.o(.rrx_text), (6 bytes).
    Removing stm32f7xx_hal_iwdg.o(i.HAL_IWDG_Init), (96 bytes).
    Removing stm32f7xx_hal_iwdg.o(i.HAL_IWDG_Refresh), (12 bytes).
    Removing stm32f7xx_hal_sdram.o(.rev16_text), (4 bytes).
    Removing stm32f7xx_hal_sdram.o(.revsh_text), (4 bytes).
    Removing stm32f7xx_hal_sdram.o(.rrx_text), (6 bytes).
    Removing stm32f7xx_hal_sdram.o(i.HAL_SDRAM_DMA_XferCpltCallback), (2 bytes).
    Removing stm32f7xx_hal_sdram.o(i.HAL_SDRAM_DMA_XferErrorCallback), (2 bytes).
    Removing stm32f7xx_hal_sdram.o(i.HAL_SDRAM_DeInit), (28 bytes).
    Removing stm32f7xx_hal_sdram.o(i.HAL_SDRAM_GetModeStatus), (8 bytes).
    Removing stm32f7xx_hal_sdram.o(i.HAL_SDRAM_GetState), (6 bytes).
    Removing stm32f7xx_hal_sdram.o(i.HAL_SDRAM_IRQHandler), (34 bytes).
    Removing stm32f7xx_hal_sdram.o(i.HAL_SDRAM_MspDeInit), (2 bytes).
    Removing stm32f7xx_hal_sdram.o(i.HAL_SDRAM_MspInit), (2 bytes).
    Removing stm32f7xx_hal_sdram.o(i.HAL_SDRAM_ProgramRefreshRate), (36 bytes).
    Removing stm32f7xx_hal_sdram.o(i.HAL_SDRAM_Read_16b), (70 bytes).
    Removing stm32f7xx_hal_sdram.o(i.HAL_SDRAM_Read_32b), (70 bytes).
    Removing stm32f7xx_hal_sdram.o(i.HAL_SDRAM_Read_8b), (70 bytes).
    Removing stm32f7xx_hal_sdram.o(i.HAL_SDRAM_Read_DMA), (84 bytes).
    Removing stm32f7xx_hal_sdram.o(i.HAL_SDRAM_RefreshErrorCallback), (2 bytes).
    Removing stm32f7xx_hal_sdram.o(i.HAL_SDRAM_WriteProtection_Disable), (38 bytes).
    Removing stm32f7xx_hal_sdram.o(i.HAL_SDRAM_WriteProtection_Enable), (38 bytes).
    Removing stm32f7xx_hal_sdram.o(i.HAL_SDRAM_Write_16b), (70 bytes).
    Removing stm32f7xx_hal_sdram.o(i.HAL_SDRAM_Write_32b), (70 bytes).
    Removing stm32f7xx_hal_sdram.o(i.HAL_SDRAM_Write_8b), (70 bytes).
    Removing stm32f7xx_hal_sdram.o(i.HAL_SDRAM_Write_DMA), (84 bytes).
    Removing stm32f7xx_ll_fmc.o(.rev16_text), (4 bytes).
    Removing stm32f7xx_ll_fmc.o(.revsh_text), (4 bytes).
    Removing stm32f7xx_ll_fmc.o(.rrx_text), (6 bytes).
    Removing stm32f7xx_ll_fmc.o(i.FMC_NAND_AttributeSpace_Timing_Init), (28 bytes).
    Removing stm32f7xx_ll_fmc.o(i.FMC_NAND_CommonSpace_Timing_Init), (28 bytes).
    Removing stm32f7xx_ll_fmc.o(i.FMC_NAND_DeInit), (28 bytes).
    Removing stm32f7xx_ll_fmc.o(i.FMC_NAND_ECC_Disable), (12 bytes).
    Removing stm32f7xx_ll_fmc.o(i.FMC_NAND_ECC_Enable), (12 bytes).
    Removing stm32f7xx_ll_fmc.o(i.FMC_NAND_GetECC), (66 bytes).
    Removing stm32f7xx_ll_fmc.o(i.FMC_NAND_Init), (64 bytes).
    Removing stm32f7xx_ll_fmc.o(i.FMC_NORSRAM_DeInit), (48 bytes).
    Removing stm32f7xx_ll_fmc.o(i.FMC_NORSRAM_Extended_Timing_Init), (72 bytes).
    Removing stm32f7xx_ll_fmc.o(i.FMC_NORSRAM_Init), (124 bytes).
    Removing stm32f7xx_ll_fmc.o(i.FMC_NORSRAM_Timing_Init), (100 bytes).
    Removing stm32f7xx_ll_fmc.o(i.FMC_NORSRAM_WriteOperation_Disable), (16 bytes).
    Removing stm32f7xx_ll_fmc.o(i.FMC_NORSRAM_WriteOperation_Enable), (16 bytes).
    Removing stm32f7xx_ll_fmc.o(i.FMC_SDRAM_DeInit), (30 bytes).
    Removing stm32f7xx_ll_fmc.o(i.FMC_SDRAM_GetModeStatus), (18 bytes).
    Removing stm32f7xx_ll_fmc.o(i.FMC_SDRAM_ProgramRefreshRate), (12 bytes).
    Removing stm32f7xx_ll_fmc.o(i.FMC_SDRAM_WriteProtection_Disable), (16 bytes).
    Removing stm32f7xx_ll_fmc.o(i.FMC_SDRAM_WriteProtection_Enable), (16 bytes).
    Removing system_stm32f7xx.o(.rev16_text), (4 bytes).
    Removing system_stm32f7xx.o(.revsh_text), (4 bytes).
    Removing system_stm32f7xx.o(.rrx_text), (6 bytes).
    Removing system_stm32f7xx.o(i.SystemCoreClockUpdate), (136 bytes).

441 unused section(s) (total 29702 bytes) removed from the image.

==============================================================================

Image Symbol Table

    Local Symbols

    Symbol Name                              Value     Ov Type        Size  Object(Section)

    ../Drivers/STM32F7xx_HAL_Driver/Src/stm32f7xx_hal.c 0x00000000   Number         0  stm32f7xx_hal.o ABSOLUTE
    ../Drivers/STM32F7xx_HAL_Driver/Src/stm32f7xx_hal_cortex.c 0x00000000   Number         0  stm32f7xx_hal_cortex.o ABSOLUTE
    ../Drivers/STM32F7xx_HAL_Driver/Src/stm32f7xx_hal_dma.c 0x00000000   Number         0  stm32f7xx_hal_dma.o ABSOLUTE
    ../Drivers/STM32F7xx_HAL_Driver/Src/stm32f7xx_hal_dma_ex.c 0x00000000   Number         0  stm32f7xx_hal_dma_ex.o ABSOLUTE
    ../Drivers/STM32F7xx_HAL_Driver/Src/stm32f7xx_hal_exti.c 0x00000000   Number         0  stm32f7xx_hal_exti.o ABSOLUTE
    ../Drivers/STM32F7xx_HAL_Driver/Src/stm32f7xx_hal_flash.c 0x00000000   Number         0  stm32f7xx_hal_flash.o ABSOLUTE
    ../Drivers/STM32F7xx_HAL_Driver/Src/stm32f7xx_hal_flash_ex.c 0x00000000   Number         0  stm32f7xx_hal_flash_ex.o ABSOLUTE
    ../Drivers/STM32F7xx_HAL_Driver/Src/stm32f7xx_hal_gpio.c 0x00000000   Number         0  stm32f7xx_hal_gpio.o ABSOLUTE
    ../Drivers/STM32F7xx_HAL_Driver/Src/stm32f7xx_hal_i2c.c 0x00000000   Number         0  stm32f7xx_hal_i2c.o ABSOLUTE
    ../Drivers/STM32F7xx_HAL_Driver/Src/stm32f7xx_hal_i2c_ex.c 0x00000000   Number         0  stm32f7xx_hal_i2c_ex.o ABSOLUTE
    ../Drivers/STM32F7xx_HAL_Driver/Src/stm32f7xx_hal_pwr.c 0x00000000   Number         0  stm32f7xx_hal_pwr.o ABSOLUTE
    ../Drivers/STM32F7xx_HAL_Driver/Src/stm32f7xx_hal_pwr_ex.c 0x00000000   Number         0  stm32f7xx_hal_pwr_ex.o ABSOLUTE
    ../Drivers/STM32F7xx_HAL_Driver/Src/stm32f7xx_hal_rcc.c 0x00000000   Number         0  stm32f7xx_hal_rcc.o ABSOLUTE
    ../Drivers/STM32F7xx_HAL_Driver/Src/stm32f7xx_hal_rcc_ex.c 0x00000000   Number         0  stm32f7xx_hal_rcc_ex.o ABSOLUTE
    ../Drivers/STM32F7xx_HAL_Driver/Src/stm32f7xx_hal_tim.c 0x00000000   Number         0  stm32f7xx_hal_tim.o ABSOLUTE
    ../Drivers/STM32F7xx_HAL_Driver/Src/stm32f7xx_hal_tim_ex.c 0x00000000   Number         0  stm32f7xx_hal_tim_ex.o ABSOLUTE
    ../Drivers/STM32F7xx_HAL_Driver/Src/stm32f7xx_hal_uart.c 0x00000000   Number         0  stm32f7xx_hal_uart.o ABSOLUTE
    ../Drivers/STM32F7xx_HAL_Driver/Src/stm32f7xx_hal_uart_ex.c 0x00000000   Number         0  stm32f7xx_hal_uart_ex.o ABSOLUTE
    ../Src/main.c                            0x00000000   Number         0  main.o ABSOLUTE
    ../Src/stm32f7xx_hal_msp.c               0x00000000   Number         0  stm32f7xx_hal_msp.o ABSOLUTE
    ../Src/stm32f7xx_it.c                    0x00000000   Number         0  stm32f7xx_it.o ABSOLUTE
    ../Src/system_stm32f7xx.c                0x00000000   Number         0  system_stm32f7xx.o ABSOLUTE
    ../clib/microlib/division.c              0x00000000   Number         0  uldiv.o ABSOLUTE
    ../clib/microlib/init/entry.s            0x00000000   Number         0  entry8a.o ABSOLUTE
    ../clib/microlib/init/entry.s            0x00000000   Number         0  entry.o ABSOLUTE
    ../clib/microlib/init/entry.s            0x00000000   Number         0  entry9a.o ABSOLUTE
    ../clib/microlib/init/entry.s            0x00000000   Number         0  entry11b.o ABSOLUTE
    ../clib/microlib/init/entry.s            0x00000000   Number         0  entry11a.o ABSOLUTE
    ../clib/microlib/init/entry.s            0x00000000   Number         0  entry10b.o ABSOLUTE
    ../clib/microlib/init/entry.s            0x00000000   Number         0  entry10a.o ABSOLUTE
    ../clib/microlib/init/entry.s            0x00000000   Number         0  entry9b.o ABSOLUTE
    ../clib/microlib/init/entry.s            0x00000000   Number         0  entry8b.o ABSOLUTE
    ../clib/microlib/init/entry.s            0x00000000   Number         0  entry7b.o ABSOLUTE
    ../clib/microlib/init/entry.s            0x00000000   Number         0  entry7a.o ABSOLUTE
    ../clib/microlib/init/entry.s            0x00000000   Number         0  entry5.o ABSOLUTE
    ../clib/microlib/init/entry.s            0x00000000   Number         0  entry2.o ABSOLUTE
    ../clib/microlib/longlong.c              0x00000000   Number         0  llushr.o ABSOLUTE
    ../clib/microlib/longlong.c              0x00000000   Number         0  llshl.o ABSOLUTE
    ../clib/microlib/malloc/malloc.c         0x00000000   Number         0  malloc.o ABSOLUTE
    ../clib/microlib/malloc/malloc.c         0x00000000   Number         0  mallocr.o ABSOLUTE
    ../clib/microlib/malloc/malloc.c         0x00000000   Number         0  malloca.o ABSOLUTE
    ../clib/microlib/malloc/malloc.c         0x00000000   Number         0  mallocra.o ABSOLUTE
    ../clib/microlib/malloc/mvars.c          0x00000000   Number         0  mvars.o ABSOLUTE
    ../clib/microlib/string/memcpy.c         0x00000000   Number         0  memcpya.o ABSOLUTE
    ../clib/microlib/string/memcpy.c         0x00000000   Number         0  memcpyb.o ABSOLUTE
    ../clib/microlib/string/memset.c         0x00000000   Number         0  memseta.o ABSOLUTE
    ..\Drivers\STM32F7xx_HAL_Driver\Src\stm32f7xx_hal.c 0x00000000   Number         0  stm32f7xx_hal.o ABSOLUTE
    ..\Drivers\STM32F7xx_HAL_Driver\Src\stm32f7xx_hal_cortex.c 0x00000000   Number         0  stm32f7xx_hal_cortex.o ABSOLUTE
    ..\Drivers\STM32F7xx_HAL_Driver\Src\stm32f7xx_hal_dma.c 0x00000000   Number         0  stm32f7xx_hal_dma.o ABSOLUTE
    ..\Drivers\STM32F7xx_HAL_Driver\Src\stm32f7xx_hal_dma_ex.c 0x00000000   Number         0  stm32f7xx_hal_dma_ex.o ABSOLUTE
    ..\Drivers\STM32F7xx_HAL_Driver\Src\stm32f7xx_hal_exti.c 0x00000000   Number         0  stm32f7xx_hal_exti.o ABSOLUTE
    ..\Drivers\STM32F7xx_HAL_Driver\Src\stm32f7xx_hal_flash.c 0x00000000   Number         0  stm32f7xx_hal_flash.o ABSOLUTE
    ..\Drivers\STM32F7xx_HAL_Driver\Src\stm32f7xx_hal_flash_ex.c 0x00000000   Number         0  stm32f7xx_hal_flash_ex.o ABSOLUTE
    ..\Drivers\STM32F7xx_HAL_Driver\Src\stm32f7xx_hal_gpio.c 0x00000000   Number         0  stm32f7xx_hal_gpio.o ABSOLUTE
    ..\Drivers\STM32F7xx_HAL_Driver\Src\stm32f7xx_hal_i2c.c 0x00000000   Number         0  stm32f7xx_hal_i2c.o ABSOLUTE
    ..\Drivers\STM32F7xx_HAL_Driver\Src\stm32f7xx_hal_i2c_ex.c 0x00000000   Number         0  stm32f7xx_hal_i2c_ex.o ABSOLUTE
    ..\Drivers\STM32F7xx_HAL_Driver\Src\stm32f7xx_hal_iwdg.c 0x00000000   Number         0  stm32f7xx_hal_iwdg.o ABSOLUTE
    ..\Drivers\STM32F7xx_HAL_Driver\Src\stm32f7xx_hal_pwr.c 0x00000000   Number         0  stm32f7xx_hal_pwr.o ABSOLUTE
    ..\Drivers\STM32F7xx_HAL_Driver\Src\stm32f7xx_hal_pwr_ex.c 0x00000000   Number         0  stm32f7xx_hal_pwr_ex.o ABSOLUTE
    ..\Drivers\STM32F7xx_HAL_Driver\Src\stm32f7xx_hal_rcc.c 0x00000000   Number         0  stm32f7xx_hal_rcc.o ABSOLUTE
    ..\Drivers\STM32F7xx_HAL_Driver\Src\stm32f7xx_hal_rcc_ex.c 0x00000000   Number         0  stm32f7xx_hal_rcc_ex.o ABSOLUTE
    ..\Drivers\STM32F7xx_HAL_Driver\Src\stm32f7xx_hal_sdram.c 0x00000000   Number         0  stm32f7xx_hal_sdram.o ABSOLUTE
    ..\Drivers\STM32F7xx_HAL_Driver\Src\stm32f7xx_hal_tim.c 0x00000000   Number         0  stm32f7xx_hal_tim.o ABSOLUTE
    ..\Drivers\STM32F7xx_HAL_Driver\Src\stm32f7xx_hal_tim_ex.c 0x00000000   Number         0  stm32f7xx_hal_tim_ex.o ABSOLUTE
    ..\Drivers\STM32F7xx_HAL_Driver\Src\stm32f7xx_hal_uart.c 0x00000000   Number         0  stm32f7xx_hal_uart.o ABSOLUTE
    ..\Drivers\STM32F7xx_HAL_Driver\Src\stm32f7xx_hal_uart_ex.c 0x00000000   Number         0  stm32f7xx_hal_uart_ex.o ABSOLUTE
    ..\Drivers\STM32F7xx_HAL_Driver\Src\stm32f7xx_ll_fmc.c 0x00000000   Number         0  stm32f7xx_ll_fmc.o ABSOLUTE
    ..\Src\main.c                            0x00000000   Number         0  main.o ABSOLUTE
    ..\Src\stm32f7xx_hal_msp.c               0x00000000   Number         0  stm32f7xx_hal_msp.o ABSOLUTE
    ..\Src\stm32f7xx_it.c                    0x00000000   Number         0  stm32f7xx_it.o ABSOLUTE
    ..\Src\system_stm32f7xx.c                0x00000000   Number         0  system_stm32f7xx.o ABSOLUTE
    ..\\Drivers\\STM32F7xx_HAL_Driver\\Src\\stm32f7xx_hal_iwdg.c 0x00000000   Number         0  stm32f7xx_hal_iwdg.o ABSOLUTE
    ..\\Drivers\\STM32F7xx_HAL_Driver\\Src\\stm32f7xx_hal_sdram.c 0x00000000   Number         0  stm32f7xx_hal_sdram.o ABSOLUTE
    ..\\Drivers\\STM32F7xx_HAL_Driver\\Src\\stm32f7xx_ll_fmc.c 0x00000000   Number         0  stm32f7xx_ll_fmc.o ABSOLUTE
    Drive\IMU\MTi_630.c                      0x00000000   Number         0  mti_630.o ABSOLUTE
    Drive\USB2UART\usb2uart.c                0x00000000   Number         0  usb2uart.o ABSOLUTE
    Drive\\IMU\\MTi_630.c                    0x00000000   Number         0  mti_630.o ABSOLUTE
    Drive\\USB2UART\\usb2uart.c              0x00000000   Number         0  usb2uart.o ABSOLUTE
    Drive\\command\\commandProcess.c         0x00000000   Number         0  commandprocess.o ABSOLUTE
    Drive\\config\\config.c                  0x00000000   Number         0  config.o ABSOLUTE
    Drive\\debug_uart5\\debug_uart5.c        0x00000000   Number         0  debug_uart5.o ABSOLUTE
    Drive\\frame\\dataFrame.c                0x00000000   Number         0  dataframe.o ABSOLUTE
    Drive\\key\\key.c                        0x00000000   Number         0  key.o ABSOLUTE
    Drive\\led\\led.c                        0x00000000   Number         0  led.o ABSOLUTE
    Drive\\motor\\DynamixelMotor.c           0x00000000   Number         0  dynamixelmotor.o ABSOLUTE
    Drive\\sdram\\sdram.c                    0x00000000   Number         0  sdram.o ABSOLUTE
    Drive\\sys\\clock_init.c                 0x00000000   Number         0  clock_init.o ABSOLUTE
    Drive\command\commandProcess.c           0x00000000   Number         0  commandprocess.o ABSOLUTE
    Drive\config\config.c                    0x00000000   Number         0  config.o ABSOLUTE
    Drive\debug_uart5\debug_uart5.c          0x00000000   Number         0  debug_uart5.o ABSOLUTE
    Drive\frame\dataFrame.c                  0x00000000   Number         0  dataframe.o ABSOLUTE
    Drive\key\key.c                          0x00000000   Number         0  key.o ABSOLUTE
    Drive\led\led.c                          0x00000000   Number         0  led.o ABSOLUTE
    Drive\motor\DynamixelMotor.c             0x00000000   Number         0  dynamixelmotor.o ABSOLUTE
    Drive\sdram\sdram.c                      0x00000000   Number         0  sdram.o ABSOLUTE
    Drive\sys\clock_init.c                   0x00000000   Number         0  clock_init.o ABSOLUTE
    dc.s                                     0x00000000   Number         0  dc.o ABSOLUTE
    handlers.s                               0x00000000   Number         0  handlers.o ABSOLUTE
    init.s                                   0x00000000   Number         0  init.o ABSOLUTE
    startup_stm32f767xx.s                    0x00000000   Number         0  startup_stm32f767xx.o ABSOLUTE
    RESET                                    0x08000000   Section      504  startup_stm32f767xx.o(RESET)
    .ARM.Collect$$$$00000000                 0x080001f8   Section        0  entry.o(.ARM.Collect$$$$00000000)
    .ARM.Collect$$$$00000001                 0x080001f8   Section        4  entry2.o(.ARM.Collect$$$$00000001)
    .ARM.Collect$$$$00000004                 0x080001fc   Section        4  entry5.o(.ARM.Collect$$$$00000004)
    .ARM.Collect$$$$00000008                 0x08000200   Section        0  entry7b.o(.ARM.Collect$$$$00000008)
    .ARM.Collect$$$$0000000A                 0x08000200   Section        0  entry8b.o(.ARM.Collect$$$$0000000A)
    .ARM.Collect$$$$0000000B                 0x08000200   Section        8  entry9a.o(.ARM.Collect$$$$0000000B)
    .ARM.Collect$$$$0000000D                 0x08000208   Section        0  entry10a.o(.ARM.Collect$$$$0000000D)
    .ARM.Collect$$$$0000000F                 0x08000208   Section        0  entry11a.o(.ARM.Collect$$$$0000000F)
    .ARM.Collect$$$$00002712                 0x08000208   Section        4  entry2.o(.ARM.Collect$$$$00002712)
    __lit__00000000                          0x08000208   Data           4  entry2.o(.ARM.Collect$$$$00002712)
    .text                                    0x0800020c   Section       36  startup_stm32f767xx.o(.text)
    $v0                                      0x0800020c   Number         0  startup_stm32f767xx.o(.text)
    .text                                    0x08000230   Section        0  uldiv.o(.text)
    .text                                    0x08000292   Section        0  memseta.o(.text)
    .text                                    0x080002b6   Section        0  llshl.o(.text)
    .text                                    0x080002d4   Section        0  llushr.o(.text)
    .text                                    0x080002f4   Section       36  init.o(.text)
    i.BusFault_Handler                       0x08000318   Section        0  stm32f7xx_it.o(i.BusFault_Handler)
    i.CacheEnalble                           0x0800031c   Section        0  config.o(i.CacheEnalble)
    i.Cmd_Distribute                         0x080003ac   Section        0  commandprocess.o(i.Cmd_Distribute)
    i.Config_Send                            0x08000430   Section        0  commandprocess.o(i.Config_Send)
    i.DMA1_Stream5_IRQHandler                0x080005d4   Section        0  stm32f7xx_it.o(i.DMA1_Stream5_IRQHandler)
    i.DMA1_Stream6_IRQHandler                0x080006b4   Section        0  stm32f7xx_it.o(i.DMA1_Stream6_IRQHandler)
    i.DXLMotor_Init                          0x080006c0   Section        0  dynamixelmotor.o(i.DXLMotor_Init)
    i.DXL_SendData                           0x08000804   Section        0  dynamixelmotor.o(i.DXL_SendData)
    i.Data_Receive                           0x08000844   Section        0  commandprocess.o(i.Data_Receive)
    i.Data_Send                              0x0800086c   Section        0  dataframe.o(i.Data_Send)
    i.DebugMon_Handler                       0x0800087a   Section        0  stm32f7xx_it.o(i.DebugMon_Handler)
    i.Device_Choose                          0x0800087c   Section        0  commandprocess.o(i.Device_Choose)
    i.EXTI15_10_IRQHandler                   0x080008c8   Section        0  stm32f7xx_it.o(i.EXTI15_10_IRQHandler)
    i.Error_Handler                          0x080008de   Section        0  config.o(i.Error_Handler)
    i.FMC_SDRAM_Init                         0x080008e0   Section        0  stm32f7xx_ll_fmc.o(i.FMC_SDRAM_Init)
    i.FMC_SDRAM_SendCommand                  0x0800093e   Section        0  stm32f7xx_ll_fmc.o(i.FMC_SDRAM_SendCommand)
    i.FMC_SDRAM_SetAutoRefreshNumber         0x08000962   Section        0  stm32f7xx_ll_fmc.o(i.FMC_SDRAM_SetAutoRefreshNumber)
    i.FMC_SDRAM_Timing_Init                  0x0800096e   Section        0  stm32f7xx_ll_fmc.o(i.FMC_SDRAM_Timing_Init)
    i.HAL_DMAEx_MultiBufferStart_IT          0x08000a00   Section        0  stm32f7xx_hal_dma_ex.o(i.HAL_DMAEx_MultiBufferStart_IT)
    i.HAL_DMA_Abort_IT                       0x08001204   Section        0  stm32f7xx_hal_dma.o(i.HAL_DMA_Abort_IT)
    i.HAL_DMA_IRQHandler                     0x08001228   Section        0  stm32f7xx_hal_dma.o(i.HAL_DMA_IRQHandler)
    i.HAL_DMA_Init                           0x08001408   Section        0  stm32f7xx_hal_dma.o(i.HAL_DMA_Init)
    i.HAL_DMA_Start                          0x0800155c   Section        0  stm32f7xx_hal_dma.o(i.HAL_DMA_Start)
    i.HAL_Delay                              0x080015d8   Section        0  stm32f7xx_hal.o(i.HAL_Delay)
    i.HAL_GPIO_EXTI_Callback                 0x08001600   Section        0  key.o(i.HAL_GPIO_EXTI_Callback)
    i.HAL_GPIO_EXTI_IRQHandler               0x0800165c   Section        0  stm32f7xx_hal_gpio.o(i.HAL_GPIO_EXTI_IRQHandler)
    i.HAL_GPIO_Init                          0x08001674   Section        0  stm32f7xx_hal_gpio.o(i.HAL_GPIO_Init)
    i.HAL_GPIO_ReadPin                       0x080018b8   Section        0  stm32f7xx_hal_gpio.o(i.HAL_GPIO_ReadPin)
    i.HAL_GPIO_TogglePin                     0x080018c2   Section        0  stm32f7xx_hal_gpio.o(i.HAL_GPIO_TogglePin)
    i.HAL_GPIO_WritePin                      0x080018ce   Section        0  stm32f7xx_hal_gpio.o(i.HAL_GPIO_WritePin)
    i.HAL_GetTick                            0x080018d8   Section        0  stm32f7xx_hal.o(i.HAL_GetTick)
    i.HAL_IncTick                            0x080018e4   Section        0  stm32f7xx_hal.o(i.HAL_IncTick)
    i.HAL_Init                               0x080018f4   Section        0  stm32f7xx_hal.o(i.HAL_Init)
    i.HAL_InitTick                           0x0800190c   Section        0  stm32f7xx_hal.o(i.HAL_InitTick)
    i.HAL_MspInit                            0x0800194c   Section        0  stm32f7xx_hal_msp.o(i.HAL_MspInit)
    i.HAL_NVIC_EnableIRQ                     0x08001980   Section        0  stm32f7xx_hal_cortex.o(i.HAL_NVIC_EnableIRQ)
    i.HAL_NVIC_SetPriority                   0x080019a0   Section        0  stm32f7xx_hal_cortex.o(i.HAL_NVIC_SetPriority)
    i.HAL_NVIC_SetPriorityGrouping           0x08001a04   Section        0  stm32f7xx_hal_cortex.o(i.HAL_NVIC_SetPriorityGrouping)
    i.HAL_PWREx_EnableOverDrive              0x08001a28   Section        0  stm32f7xx_hal_pwr_ex.o(i.HAL_PWREx_EnableOverDrive)
    i.HAL_PWR_EnableBkUpAccess               0x08001aa4   Section        0  stm32f7xx_hal_pwr.o(i.HAL_PWR_EnableBkUpAccess)
    i.HAL_RCCEx_PeriphCLKConfig              0x08001ab4   Section        0  stm32f7xx_hal_rcc_ex.o(i.HAL_RCCEx_PeriphCLKConfig)
    i.HAL_RCC_CSSCallback                    0x08002080   Section        0  stm32f7xx_hal_rcc.o(i.HAL_RCC_CSSCallback)
    i.HAL_RCC_ClockConfig                    0x08002084   Section        0  stm32f7xx_hal_rcc.o(i.HAL_RCC_ClockConfig)
    i.HAL_RCC_EnableCSS                      0x080021f4   Section        0  stm32f7xx_hal_rcc.o(i.HAL_RCC_EnableCSS)
    i.HAL_RCC_GetPCLK1Freq                   0x08002204   Section        0  stm32f7xx_hal_rcc.o(i.HAL_RCC_GetPCLK1Freq)
    i.HAL_RCC_GetPCLK2Freq                   0x08002224   Section        0  stm32f7xx_hal_rcc.o(i.HAL_RCC_GetPCLK2Freq)
    i.HAL_RCC_GetSysClockFreq                0x08002244   Section        0  stm32f7xx_hal_rcc.o(i.HAL_RCC_GetSysClockFreq)
    i.HAL_RCC_NMI_IRQHandler                 0x080022b8   Section        0  stm32f7xx_hal_rcc.o(i.HAL_RCC_NMI_IRQHandler)
    i.HAL_RCC_OscConfig                      0x080022dc   Section        0  stm32f7xx_hal_rcc.o(i.HAL_RCC_OscConfig)
    i.HAL_SDRAM_Init                         0x0800272c   Section        0  stm32f7xx_hal_sdram.o(i.HAL_SDRAM_Init)
    i.HAL_SDRAM_MspInit                      0x08002770   Section        0  stm32f7xx_hal_msp.o(i.HAL_SDRAM_MspInit)
    i.HAL_SDRAM_SendCommand                  0x08002888   Section        0  stm32f7xx_hal_sdram.o(i.HAL_SDRAM_SendCommand)
    i.HAL_SDRAM_SetAutoRefreshNumber         0x080028b6   Section        0  stm32f7xx_hal_sdram.o(i.HAL_SDRAM_SetAutoRefreshNumber)
    i.HAL_SYSTICK_Config                     0x080028dc   Section        0  stm32f7xx_hal_cortex.o(i.HAL_SYSTICK_Config)
    i.HAL_UARTEx_WakeupCallback              0x08002908   Section        0  stm32f7xx_hal_uart.o(i.HAL_UARTEx_WakeupCallback)
    i.HAL_UART_EnableReceiverTimeout         0x0800290a   Section        0  stm32f7xx_hal_uart.o(i.HAL_UART_EnableReceiverTimeout)
    i.HAL_UART_ErrorCallback                 0x0800293e   Section        0  stm32f7xx_hal_uart.o(i.HAL_UART_ErrorCallback)
    i.HAL_UART_IRQHandler                    0x08002940   Section        0  stm32f7xx_hal_uart.o(i.HAL_UART_IRQHandler)
    i.HAL_UART_Init                          0x08002b04   Section        0  stm32f7xx_hal_uart.o(i.HAL_UART_Init)
    i.HAL_UART_MspInit                       0x08002b70   Section        0  stm32f7xx_hal_msp.o(i.HAL_UART_MspInit)
    i.HAL_UART_ReceiverTimeout_Config        0x08002cd8   Section        0  stm32f7xx_hal_uart.o(i.HAL_UART_ReceiverTimeout_Config)
    i.HAL_UART_TxCpltCallback                0x08002ce6   Section        0  stm32f7xx_hal_uart.o(i.HAL_UART_TxCpltCallback)
    i.HardFault_Handler                      0x08002ce8   Section        0  stm32f7xx_it.o(i.HardFault_Handler)
    i.LED_Init                               0x08002cec   Section        0  led.o(i.LED_Init)
    i.MTi_630_Init                           0x08002d60   Section        0  mti_630.o(i.MTi_630_Init)
    i.MemManage_Handler                      0x08002eb4   Section        0  stm32f7xx_it.o(i.MemManage_Handler)
    i.Motor_Data_Read                        0x08002eb8   Section        0  commandprocess.o(i.Motor_Data_Read)
    i.Motor_Frame                            0x08002f50   Section        0  dataframe.o(i.Motor_Frame)
    i.NMI_Handler                            0x0800308c   Section        0  stm32f7xx_it.o(i.NMI_Handler)
    i.Packet_Frame                           0x08003090   Section        0  dataframe.o(i.Packet_Frame)
    i.PendSV_Handler                         0x080030d8   Section        0  stm32f7xx_it.o(i.PendSV_Handler)
    i.Read_Dev_Choose                        0x080030dc   Section        0  commandprocess.o(i.Read_Dev_Choose)
    i.Req_Send                               0x08003104   Section        0  commandprocess.o(i.Req_Send)
    i.SDRAM_FMC_Init                         0x08003178   Section        0  sdram.o(i.SDRAM_FMC_Init)
    i.SVC_Handler                            0x08003258   Section        0  stm32f7xx_it.o(i.SVC_Handler)
    i.SysTick_Handler                        0x0800325a   Section        0  stm32f7xx_it.o(i.SysTick_Handler)
    i.SystemClock_Config                     0x08003260   Section        0  clock_init.o(i.SystemClock_Config)
    i.SystemInit                             0x0800333c   Section        0  system_stm32f7xx.o(i.SystemInit)
    i.UART4_IRQHandler                       0x08003358   Section        0  stm32f7xx_it.o(i.UART4_IRQHandler)
    i.UART5_IRQHandler                       0x08003400   Section        0  stm32f7xx_it.o(i.UART5_IRQHandler)
    i.UARTSendData                           0x0800340c   Section        0  config.o(i.UARTSendData)
    i.UART_AdvFeatureConfig                  0x08003452   Section        0  stm32f7xx_hal_uart.o(i.UART_AdvFeatureConfig)
    i.UART_CheckIdleState                    0x0800352c   Section        0  stm32f7xx_hal_uart.o(i.UART_CheckIdleState)
    i.UART_DMAAbortOnError                   0x08003588   Section        0  stm32f7xx_hal_uart.o(i.UART_DMAAbortOnError)
    UART_DMAAbortOnError                     0x08003589   Thumb Code    20  stm32f7xx_hal_uart.o(i.UART_DMAAbortOnError)
    i.UART_SetConfig                         0x0800359c   Section        0  stm32f7xx_hal_uart.o(i.UART_SetConfig)
    i.UART_WaitOnFlagUntilTimeout            0x0800384c   Section        0  stm32f7xx_hal_uart.o(i.UART_WaitOnFlagUntilTimeout)
    i.USART1_IRQHandler                      0x0800390c   Section        0  stm32f7xx_it.o(i.USART1_IRQHandler)
    i.USART2_IRQHandler                      0x080039b4   Section        0  stm32f7xx_it.o(i.USART2_IRQHandler)
    i.USB2UART_Init                          0x08003a40   Section        0  usb2uart.o(i.USB2UART_Init)
    i.USB2UART_SendData                      0x08003b38   Section        0  usb2uart.o(i.USB2UART_SendData)
    i.UsageFault_Handler                     0x08003b58   Section        0  stm32f7xx_it.o(i.UsageFault_Handler)
    i.__scatterload_copy                     0x08003b5a   Section       14  handlers.o(i.__scatterload_copy)
    i.__scatterload_null                     0x08003b68   Section        2  handlers.o(i.__scatterload_null)
    i.__scatterload_zeroinit                 0x08003b6a   Section       14  handlers.o(i.__scatterload_zeroinit)
    i.free                                   0x08003b78   Section        0  malloc.o(i.free)
    i.getMti630Data                          0x08003bc8   Section        0  mti_630.o(i.getMti630Data)
    i.main                                   0x08003bfc   Section        0  main.o(i.main)
    i.malloc                                 0x08003c58   Section        0  malloc.o(i.malloc)
    .constdata                               0x08003cc4   Section        8  stm32f7xx_hal_dma.o(.constdata)
    flagBitshiftOffset                       0x08003cc4   Data           8  stm32f7xx_hal_dma.o(.constdata)
    .constdata                               0x08003ccc   Section       16  system_stm32f7xx.o(.constdata)
    .constdata                               0x08003cdc   Section        8  system_stm32f7xx.o(.constdata)
    .data                                    0x20000000   Section        4  stm32f7xx_it.o(.data)
    .data                                    0x20000004   Section        4  stm32f7xx_hal_msp.o(.data)
    FMC_Initialized                          0x20000004   Data           4  stm32f7xx_hal_msp.o(.data)
    .data                                    0x20000008   Section        8  mti_630.o(.data)
    .data                                    0x20000010   Section        8  commandprocess.o(.data)
    .data                                    0x20000018   Section        1  commandprocess.o(.data)
    .data                                    0x2000001c   Section       16  dataframe.o(.data)
    .data                                    0x2000002c   Section       12  stm32f7xx_hal.o(.data)
    .data                                    0x20000038   Section        4  system_stm32f7xx.o(.data)
    .data                                    0x2000003c   Section        4  mvars.o(.data)
    .data                                    0x20000040   Section        4  mvars.o(.data)
    .bss                                     0x20000044   Section      128  debug_uart5.o(.bss)
    .bss                                     0x200000c4   Section      400  dynamixelmotor.o(.bss)
    .bss                                     0x20000254   Section      576  usb2uart.o(.bss)
    .bss                                     0x20000494   Section      320  mti_630.o(.bss)
    .bss                                     0x200005d4   Section       52  sdram.o(.bss)
    HEAP                                     0x20000608   Section      512  startup_stm32f767xx.o(HEAP)
    STACK                                    0x20000808   Section     1024  startup_stm32f767xx.o(STACK)
    .ARM.__AT_0xC0000000                     0xc0000000   Section       65  mti_630.o(.ARM.__AT_0xC0000000)
    .ARM.__AT_0xC0000100                     0xc0000100   Section       65  mti_630.o(.ARM.__AT_0xC0000100)

    Global Symbols

    Symbol Name                              Value     Ov Type        Size  Object(Section)

    BuildAttributes$$THM_ISAv4$E$P$D$K$B$S$7EM$VFPv5_D16$PE$PLD8$A:L22UL41UL21$X:L11$S22US41US21$IEEE1$IW$USESV6$~STKCKD$USESV7$~SHL$OTIME$EBA8$MICROLIB$REQ8$PRES8$EABIv2 0x00000000   Number         0  anon$$obj.o ABSOLUTE
    __ARM_use_no_argv                        0x00000000   Number         0  main.o ABSOLUTE
    __cpp_initialize__aeabi_                  - Undefined Weak Reference
    __cxa_finalize                            - Undefined Weak Reference
    __decompress                              - Undefined Weak Reference
    _clock_init                               - Undefined Weak Reference
    _microlib_exit                            - Undefined Weak Reference
    __Vectors_Size                           0x000001f8   Number         0  startup_stm32f767xx.o ABSOLUTE
    __Vectors                                0x08000000   Data           4  startup_stm32f767xx.o(RESET)
    __Vectors_End                            0x080001f8   Data           0  startup_stm32f767xx.o(RESET)
    __main                                   0x080001f9   Thumb Code     0  entry.o(.ARM.Collect$$$$00000000)
    _main_stk                                0x080001f9   Thumb Code     0  entry2.o(.ARM.Collect$$$$00000001)
    _main_scatterload                        0x080001fd   Thumb Code     0  entry5.o(.ARM.Collect$$$$00000004)
    __main_after_scatterload                 0x08000201   Thumb Code     0  entry5.o(.ARM.Collect$$$$00000004)
    _main_clock                              0x08000201   Thumb Code     0  entry7b.o(.ARM.Collect$$$$00000008)
    _main_cpp_init                           0x08000201   Thumb Code     0  entry8b.o(.ARM.Collect$$$$0000000A)
    _main_init                               0x08000201   Thumb Code     0  entry9a.o(.ARM.Collect$$$$0000000B)
    __rt_final_cpp                           0x08000209   Thumb Code     0  entry10a.o(.ARM.Collect$$$$0000000D)
    __rt_final_exit                          0x08000209   Thumb Code     0  entry11a.o(.ARM.Collect$$$$0000000F)
    Reset_Handler                            0x0800020d   Thumb Code     8  startup_stm32f767xx.o(.text)
    ADC_IRQHandler                           0x08000227   Thumb Code     0  startup_stm32f767xx.o(.text)
    CAN1_RX0_IRQHandler                      0x08000227   Thumb Code     0  startup_stm32f767xx.o(.text)
    CAN1_RX1_IRQHandler                      0x08000227   Thumb Code     0  startup_stm32f767xx.o(.text)
    CAN1_SCE_IRQHandler                      0x08000227   Thumb Code     0  startup_stm32f767xx.o(.text)
    CAN1_TX_IRQHandler                       0x08000227   Thumb Code     0  startup_stm32f767xx.o(.text)
    CAN2_RX0_IRQHandler                      0x08000227   Thumb Code     0  startup_stm32f767xx.o(.text)
    CAN2_RX1_IRQHandler                      0x08000227   Thumb Code     0  startup_stm32f767xx.o(.text)
    CAN2_SCE_IRQHandler                      0x08000227   Thumb Code     0  startup_stm32f767xx.o(.text)
    CAN2_TX_IRQHandler                       0x08000227   Thumb Code     0  startup_stm32f767xx.o(.text)
    CAN3_RX0_IRQHandler                      0x08000227   Thumb Code     0  startup_stm32f767xx.o(.text)
    CAN3_RX1_IRQHandler                      0x08000227   Thumb Code     0  startup_stm32f767xx.o(.text)
    CAN3_SCE_IRQHandler                      0x08000227   Thumb Code     0  startup_stm32f767xx.o(.text)
    CAN3_TX_IRQHandler                       0x08000227   Thumb Code     0  startup_stm32f767xx.o(.text)
    CEC_IRQHandler                           0x08000227   Thumb Code     0  startup_stm32f767xx.o(.text)
    DCMI_IRQHandler                          0x08000227   Thumb Code     0  startup_stm32f767xx.o(.text)
    DFSDM1_FLT0_IRQHandler                   0x08000227   Thumb Code     0  startup_stm32f767xx.o(.text)
    DFSDM1_FLT1_IRQHandler                   0x08000227   Thumb Code     0  startup_stm32f767xx.o(.text)
    DFSDM1_FLT2_IRQHandler                   0x08000227   Thumb Code     0  startup_stm32f767xx.o(.text)
    DFSDM1_FLT3_IRQHandler                   0x08000227   Thumb Code     0  startup_stm32f767xx.o(.text)
    DMA1_Stream0_IRQHandler                  0x08000227   Thumb Code     0  startup_stm32f767xx.o(.text)
    DMA1_Stream1_IRQHandler                  0x08000227   Thumb Code     0  startup_stm32f767xx.o(.text)
    DMA1_Stream2_IRQHandler                  0x08000227   Thumb Code     0  startup_stm32f767xx.o(.text)
    DMA1_Stream3_IRQHandler                  0x08000227   Thumb Code     0  startup_stm32f767xx.o(.text)
    DMA1_Stream4_IRQHandler                  0x08000227   Thumb Code     0  startup_stm32f767xx.o(.text)
    DMA1_Stream7_IRQHandler                  0x08000227   Thumb Code     0  startup_stm32f767xx.o(.text)
    DMA2D_IRQHandler                         0x08000227   Thumb Code     0  startup_stm32f767xx.o(.text)
    DMA2_Stream0_IRQHandler                  0x08000227   Thumb Code     0  startup_stm32f767xx.o(.text)
    DMA2_Stream1_IRQHandler                  0x08000227   Thumb Code     0  startup_stm32f767xx.o(.text)
    DMA2_Stream2_IRQHandler                  0x08000227   Thumb Code     0  startup_stm32f767xx.o(.text)
    DMA2_Stream3_IRQHandler                  0x08000227   Thumb Code     0  startup_stm32f767xx.o(.text)
    DMA2_Stream4_IRQHandler                  0x08000227   Thumb Code     0  startup_stm32f767xx.o(.text)
    DMA2_Stream5_IRQHandler                  0x08000227   Thumb Code     0  startup_stm32f767xx.o(.text)
    DMA2_Stream6_IRQHandler                  0x08000227   Thumb Code     0  startup_stm32f767xx.o(.text)
    DMA2_Stream7_IRQHandler                  0x08000227   Thumb Code     0  startup_stm32f767xx.o(.text)
    ETH_IRQHandler                           0x08000227   Thumb Code     0  startup_stm32f767xx.o(.text)
    ETH_WKUP_IRQHandler                      0x08000227   Thumb Code     0  startup_stm32f767xx.o(.text)
    EXTI0_IRQHandler                         0x08000227   Thumb Code     0  startup_stm32f767xx.o(.text)
    EXTI1_IRQHandler                         0x08000227   Thumb Code     0  startup_stm32f767xx.o(.text)
    EXTI2_IRQHandler                         0x08000227   Thumb Code     0  startup_stm32f767xx.o(.text)
    EXTI3_IRQHandler                         0x08000227   Thumb Code     0  startup_stm32f767xx.o(.text)
    EXTI4_IRQHandler                         0x08000227   Thumb Code     0  startup_stm32f767xx.o(.text)
    EXTI9_5_IRQHandler                       0x08000227   Thumb Code     0  startup_stm32f767xx.o(.text)
    FLASH_IRQHandler                         0x08000227   Thumb Code     0  startup_stm32f767xx.o(.text)
    FMC_IRQHandler                           0x08000227   Thumb Code     0  startup_stm32f767xx.o(.text)
    FPU_IRQHandler                           0x08000227   Thumb Code     0  startup_stm32f767xx.o(.text)
    I2C1_ER_IRQHandler                       0x08000227   Thumb Code     0  startup_stm32f767xx.o(.text)
    I2C1_EV_IRQHandler                       0x08000227   Thumb Code     0  startup_stm32f767xx.o(.text)
    I2C2_ER_IRQHandler                       0x08000227   Thumb Code     0  startup_stm32f767xx.o(.text)
    I2C2_EV_IRQHandler                       0x08000227   Thumb Code     0  startup_stm32f767xx.o(.text)
    I2C3_ER_IRQHandler                       0x08000227   Thumb Code     0  startup_stm32f767xx.o(.text)
    I2C3_EV_IRQHandler                       0x08000227   Thumb Code     0  startup_stm32f767xx.o(.text)
    I2C4_ER_IRQHandler                       0x08000227   Thumb Code     0  startup_stm32f767xx.o(.text)
    I2C4_EV_IRQHandler                       0x08000227   Thumb Code     0  startup_stm32f767xx.o(.text)
    JPEG_IRQHandler                          0x08000227   Thumb Code     0  startup_stm32f767xx.o(.text)
    LPTIM1_IRQHandler                        0x08000227   Thumb Code     0  startup_stm32f767xx.o(.text)
    LTDC_ER_IRQHandler                       0x08000227   Thumb Code     0  startup_stm32f767xx.o(.text)
    LTDC_IRQHandler                          0x08000227   Thumb Code     0  startup_stm32f767xx.o(.text)
    MDIOS_IRQHandler                         0x08000227   Thumb Code     0  startup_stm32f767xx.o(.text)
    OTG_FS_IRQHandler                        0x08000227   Thumb Code     0  startup_stm32f767xx.o(.text)
    OTG_FS_WKUP_IRQHandler                   0x08000227   Thumb Code     0  startup_stm32f767xx.o(.text)
    OTG_HS_EP1_IN_IRQHandler                 0x08000227   Thumb Code     0  startup_stm32f767xx.o(.text)
    OTG_HS_EP1_OUT_IRQHandler                0x08000227   Thumb Code     0  startup_stm32f767xx.o(.text)
    OTG_HS_IRQHandler                        0x08000227   Thumb Code     0  startup_stm32f767xx.o(.text)
    OTG_HS_WKUP_IRQHandler                   0x08000227   Thumb Code     0  startup_stm32f767xx.o(.text)
    PVD_IRQHandler                           0x08000227   Thumb Code     0  startup_stm32f767xx.o(.text)
    QUADSPI_IRQHandler                       0x08000227   Thumb Code     0  startup_stm32f767xx.o(.text)
    RCC_IRQHandler                           0x08000227   Thumb Code     0  startup_stm32f767xx.o(.text)
    RNG_IRQHandler                           0x08000227   Thumb Code     0  startup_stm32f767xx.o(.text)
    RTC_Alarm_IRQHandler                     0x08000227   Thumb Code     0  startup_stm32f767xx.o(.text)
    RTC_WKUP_IRQHandler                      0x08000227   Thumb Code     0  startup_stm32f767xx.o(.text)
    SAI1_IRQHandler                          0x08000227   Thumb Code     0  startup_stm32f767xx.o(.text)
    SAI2_IRQHandler                          0x08000227   Thumb Code     0  startup_stm32f767xx.o(.text)
    SDMMC1_IRQHandler                        0x08000227   Thumb Code     0  startup_stm32f767xx.o(.text)
    SDMMC2_IRQHandler                        0x08000227   Thumb Code     0  startup_stm32f767xx.o(.text)
    SPDIF_RX_IRQHandler                      0x08000227   Thumb Code     0  startup_stm32f767xx.o(.text)
    SPI1_IRQHandler                          0x08000227   Thumb Code     0  startup_stm32f767xx.o(.text)
    SPI2_IRQHandler                          0x08000227   Thumb Code     0  startup_stm32f767xx.o(.text)
    SPI3_IRQHandler                          0x08000227   Thumb Code     0  startup_stm32f767xx.o(.text)
    SPI4_IRQHandler                          0x08000227   Thumb Code     0  startup_stm32f767xx.o(.text)
    SPI5_IRQHandler                          0x08000227   Thumb Code     0  startup_stm32f767xx.o(.text)
    SPI6_IRQHandler                          0x08000227   Thumb Code     0  startup_stm32f767xx.o(.text)
    TAMP_STAMP_IRQHandler                    0x08000227   Thumb Code     0  startup_stm32f767xx.o(.text)
    TIM1_BRK_TIM9_IRQHandler                 0x08000227   Thumb Code     0  startup_stm32f767xx.o(.text)
    TIM1_CC_IRQHandler                       0x08000227   Thumb Code     0  startup_stm32f767xx.o(.text)
    TIM1_TRG_COM_TIM11_IRQHandler            0x08000227   Thumb Code     0  startup_stm32f767xx.o(.text)
    TIM1_UP_TIM10_IRQHandler                 0x08000227   Thumb Code     0  startup_stm32f767xx.o(.text)
    TIM2_IRQHandler                          0x08000227   Thumb Code     0  startup_stm32f767xx.o(.text)
    TIM3_IRQHandler                          0x08000227   Thumb Code     0  startup_stm32f767xx.o(.text)
    TIM4_IRQHandler                          0x08000227   Thumb Code     0  startup_stm32f767xx.o(.text)
    TIM5_IRQHandler                          0x08000227   Thumb Code     0  startup_stm32f767xx.o(.text)
    TIM6_DAC_IRQHandler                      0x08000227   Thumb Code     0  startup_stm32f767xx.o(.text)
    TIM7_IRQHandler                          0x08000227   Thumb Code     0  startup_stm32f767xx.o(.text)
    TIM8_BRK_TIM12_IRQHandler                0x08000227   Thumb Code     0  startup_stm32f767xx.o(.text)
    TIM8_CC_IRQHandler                       0x08000227   Thumb Code     0  startup_stm32f767xx.o(.text)
    TIM8_TRG_COM_TIM14_IRQHandler            0x08000227   Thumb Code     0  startup_stm32f767xx.o(.text)
    TIM8_UP_TIM13_IRQHandler                 0x08000227   Thumb Code     0  startup_stm32f767xx.o(.text)
    UART7_IRQHandler                         0x08000227   Thumb Code     0  startup_stm32f767xx.o(.text)
    UART8_IRQHandler                         0x08000227   Thumb Code     0  startup_stm32f767xx.o(.text)
    USART3_IRQHandler                        0x08000227   Thumb Code     0  startup_stm32f767xx.o(.text)
    USART6_IRQHandler                        0x08000227   Thumb Code     0  startup_stm32f767xx.o(.text)
    WWDG_IRQHandler                          0x08000227   Thumb Code     0  startup_stm32f767xx.o(.text)
    __aeabi_uldivmod                         0x08000231   Thumb Code    98  uldiv.o(.text)
    __aeabi_memset                           0x08000293   Thumb Code    14  memseta.o(.text)
    __aeabi_memset4                          0x08000293   Thumb Code     0  memseta.o(.text)
    __aeabi_memset8                          0x08000293   Thumb Code     0  memseta.o(.text)
    __aeabi_memclr                           0x080002a1   Thumb Code     4  memseta.o(.text)
    __aeabi_memclr4                          0x080002a1   Thumb Code     0  memseta.o(.text)
    __aeabi_memclr8                          0x080002a1   Thumb Code     0  memseta.o(.text)
    _memset$wrapper                          0x080002a5   Thumb Code    18  memseta.o(.text)
    __aeabi_llsl                             0x080002b7   Thumb Code    30  llshl.o(.text)
    _ll_shift_l                              0x080002b7   Thumb Code     0  llshl.o(.text)
    __aeabi_llsr                             0x080002d5   Thumb Code    32  llushr.o(.text)
    _ll_ushift_r                             0x080002d5   Thumb Code     0  llushr.o(.text)
    __scatterload                            0x080002f5   Thumb Code    28  init.o(.text)
    __scatterload_rt2                        0x080002f5   Thumb Code     0  init.o(.text)
    BusFault_Handler                         0x08000319   Thumb Code     2  stm32f7xx_it.o(i.BusFault_Handler)
    CacheEnalble                             0x0800031d   Thumb Code   124  config.o(i.CacheEnalble)
    Cmd_Distribute                           0x080003ad   Thumb Code   124  commandprocess.o(i.Cmd_Distribute)
    Config_Send                              0x08000431   Thumb Code   418  commandprocess.o(i.Config_Send)
    DMA1_Stream5_IRQHandler                  0x080005d5   Thumb Code   170  stm32f7xx_it.o(i.DMA1_Stream5_IRQHandler)
    DMA1_Stream6_IRQHandler                  0x080006b5   Thumb Code     6  stm32f7xx_it.o(i.DMA1_Stream6_IRQHandler)
    DXLMotor_Init                            0x080006c1   Thumb Code   286  dynamixelmotor.o(i.DXLMotor_Init)
    DXL_SendData                             0x08000805   Thumb Code    54  dynamixelmotor.o(i.DXL_SendData)
    Data_Receive                             0x08000845   Thumb Code    28  commandprocess.o(i.Data_Receive)
    Data_Send                                0x0800086d   Thumb Code    14  dataframe.o(i.Data_Send)
    DebugMon_Handler                         0x0800087b   Thumb Code     2  stm32f7xx_it.o(i.DebugMon_Handler)
    Device_Choose                            0x0800087d   Thumb Code    76  commandprocess.o(i.Device_Choose)
    EXTI15_10_IRQHandler                     0x080008c9   Thumb Code    22  stm32f7xx_it.o(i.EXTI15_10_IRQHandler)
    Error_Handler                            0x080008df   Thumb Code     2  config.o(i.Error_Handler)
    FMC_SDRAM_Init                           0x080008e1   Thumb Code    94  stm32f7xx_ll_fmc.o(i.FMC_SDRAM_Init)
    FMC_SDRAM_SendCommand                    0x0800093f   Thumb Code    36  stm32f7xx_ll_fmc.o(i.FMC_SDRAM_SendCommand)
    FMC_SDRAM_SetAutoRefreshNumber           0x08000963   Thumb Code    12  stm32f7xx_ll_fmc.o(i.FMC_SDRAM_SetAutoRefreshNumber)
    FMC_SDRAM_Timing_Init                    0x0800096f   Thumb Code   146  stm32f7xx_ll_fmc.o(i.FMC_SDRAM_Timing_Init)
    HAL_DMAEx_MultiBufferStart_IT            0x08000a01   Thumb Code  2024  stm32f7xx_hal_dma_ex.o(i.HAL_DMAEx_MultiBufferStart_IT)
    HAL_DMA_Abort_IT                         0x08001205   Thumb Code    36  stm32f7xx_hal_dma.o(i.HAL_DMA_Abort_IT)
    HAL_DMA_IRQHandler                       0x08001229   Thumb Code   474  stm32f7xx_hal_dma.o(i.HAL_DMA_IRQHandler)
    HAL_DMA_Init                             0x08001409   Thumb Code   328  stm32f7xx_hal_dma.o(i.HAL_DMA_Init)
    HAL_DMA_Start                            0x0800155d   Thumb Code   122  stm32f7xx_hal_dma.o(i.HAL_DMA_Start)
    HAL_Delay                                0x080015d9   Thumb Code    34  stm32f7xx_hal.o(i.HAL_Delay)
    HAL_GPIO_EXTI_Callback                   0x08001601   Thumb Code    86  key.o(i.HAL_GPIO_EXTI_Callback)
    HAL_GPIO_EXTI_IRQHandler                 0x0800165d   Thumb Code    20  stm32f7xx_hal_gpio.o(i.HAL_GPIO_EXTI_IRQHandler)
    HAL_GPIO_Init                            0x08001675   Thumb Code   558  stm32f7xx_hal_gpio.o(i.HAL_GPIO_Init)
    HAL_GPIO_ReadPin                         0x080018b9   Thumb Code    10  stm32f7xx_hal_gpio.o(i.HAL_GPIO_ReadPin)
    HAL_GPIO_TogglePin                       0x080018c3   Thumb Code    12  stm32f7xx_hal_gpio.o(i.HAL_GPIO_TogglePin)
    HAL_GPIO_WritePin                        0x080018cf   Thumb Code    10  stm32f7xx_hal_gpio.o(i.HAL_GPIO_WritePin)
    HAL_GetTick                              0x080018d9   Thumb Code     6  stm32f7xx_hal.o(i.HAL_GetTick)
    HAL_IncTick                              0x080018e5   Thumb Code    12  stm32f7xx_hal.o(i.HAL_IncTick)
    HAL_Init                                 0x080018f5   Thumb Code    22  stm32f7xx_hal.o(i.HAL_Init)
    HAL_InitTick                             0x0800190d   Thumb Code    54  stm32f7xx_hal.o(i.HAL_InitTick)
    HAL_MspInit                              0x0800194d   Thumb Code    42  stm32f7xx_hal_msp.o(i.HAL_MspInit)
    HAL_NVIC_EnableIRQ                       0x08001981   Thumb Code    30  stm32f7xx_hal_cortex.o(i.HAL_NVIC_EnableIRQ)
    HAL_NVIC_SetPriority                     0x080019a1   Thumb Code    94  stm32f7xx_hal_cortex.o(i.HAL_NVIC_SetPriority)
    HAL_NVIC_SetPriorityGrouping             0x08001a05   Thumb Code    30  stm32f7xx_hal_cortex.o(i.HAL_NVIC_SetPriorityGrouping)
    HAL_PWREx_EnableOverDrive                0x08001a29   Thumb Code   114  stm32f7xx_hal_pwr_ex.o(i.HAL_PWREx_EnableOverDrive)
    HAL_PWR_EnableBkUpAccess                 0x08001aa5   Thumb Code    12  stm32f7xx_hal_pwr.o(i.HAL_PWR_EnableBkUpAccess)
    HAL_RCCEx_PeriphCLKConfig                0x08001ab5   Thumb Code  1478  stm32f7xx_hal_rcc_ex.o(i.HAL_RCCEx_PeriphCLKConfig)
    HAL_RCC_CSSCallback                      0x08002081   Thumb Code     2  stm32f7xx_hal_rcc.o(i.HAL_RCC_CSSCallback)
    HAL_RCC_ClockConfig                      0x08002085   Thumb Code   342  stm32f7xx_hal_rcc.o(i.HAL_RCC_ClockConfig)
    HAL_RCC_EnableCSS                        0x080021f5   Thumb Code    12  stm32f7xx_hal_rcc.o(i.HAL_RCC_EnableCSS)
    HAL_RCC_GetPCLK1Freq                     0x08002205   Thumb Code    20  stm32f7xx_hal_rcc.o(i.HAL_RCC_GetPCLK1Freq)
    HAL_RCC_GetPCLK2Freq                     0x08002225   Thumb Code    20  stm32f7xx_hal_rcc.o(i.HAL_RCC_GetPCLK2Freq)
    HAL_RCC_GetSysClockFreq                  0x08002245   Thumb Code    98  stm32f7xx_hal_rcc.o(i.HAL_RCC_GetSysClockFreq)
    HAL_RCC_NMI_IRQHandler                   0x080022b9   Thumb Code    26  stm32f7xx_hal_rcc.o(i.HAL_RCC_NMI_IRQHandler)
    HAL_RCC_OscConfig                        0x080022dd   Thumb Code  1080  stm32f7xx_hal_rcc.o(i.HAL_RCC_OscConfig)
    HAL_SDRAM_Init                           0x0800272d   Thumb Code    66  stm32f7xx_hal_sdram.o(i.HAL_SDRAM_Init)
    HAL_SDRAM_MspInit                        0x08002771   Thumb Code   248  stm32f7xx_hal_msp.o(i.HAL_SDRAM_MspInit)
    HAL_SDRAM_SendCommand                    0x08002889   Thumb Code    46  stm32f7xx_hal_sdram.o(i.HAL_SDRAM_SendCommand)
    HAL_SDRAM_SetAutoRefreshNumber           0x080028b7   Thumb Code    36  stm32f7xx_hal_sdram.o(i.HAL_SDRAM_SetAutoRefreshNumber)
    HAL_SYSTICK_Config                       0x080028dd   Thumb Code    38  stm32f7xx_hal_cortex.o(i.HAL_SYSTICK_Config)
    HAL_UARTEx_WakeupCallback                0x08002909   Thumb Code     2  stm32f7xx_hal_uart.o(i.HAL_UARTEx_WakeupCallback)
    HAL_UART_EnableReceiverTimeout           0x0800290b   Thumb Code    52  stm32f7xx_hal_uart.o(i.HAL_UART_EnableReceiverTimeout)
    HAL_UART_ErrorCallback                   0x0800293f   Thumb Code     2  stm32f7xx_hal_uart.o(i.HAL_UART_ErrorCallback)
    HAL_UART_IRQHandler                      0x08002941   Thumb Code   446  stm32f7xx_hal_uart.o(i.HAL_UART_IRQHandler)
    HAL_UART_Init                            0x08002b05   Thumb Code   106  stm32f7xx_hal_uart.o(i.HAL_UART_Init)
    HAL_UART_MspInit                         0x08002b71   Thumb Code   340  stm32f7xx_hal_msp.o(i.HAL_UART_MspInit)
    HAL_UART_ReceiverTimeout_Config          0x08002cd9   Thumb Code    14  stm32f7xx_hal_uart.o(i.HAL_UART_ReceiverTimeout_Config)
    HAL_UART_TxCpltCallback                  0x08002ce7   Thumb Code     2  stm32f7xx_hal_uart.o(i.HAL_UART_TxCpltCallback)
    HardFault_Handler                        0x08002ce9   Thumb Code     2  stm32f7xx_it.o(i.HardFault_Handler)
    LED_Init                                 0x08002ced   Thumb Code   106  led.o(i.LED_Init)
    MTi_630_Init                             0x08002d61   Thumb Code   300  mti_630.o(i.MTi_630_Init)
    MemManage_Handler                        0x08002eb5   Thumb Code     2  stm32f7xx_it.o(i.MemManage_Handler)
    Motor_Data_Read                          0x08002eb9   Thumb Code   142  commandprocess.o(i.Motor_Data_Read)
    Motor_Frame                              0x08002f51   Thumb Code   280  dataframe.o(i.Motor_Frame)
    NMI_Handler                              0x0800308d   Thumb Code     4  stm32f7xx_it.o(i.NMI_Handler)
    Packet_Frame                             0x08003091   Thumb Code    54  dataframe.o(i.Packet_Frame)
    PendSV_Handler                           0x080030d9   Thumb Code     2  stm32f7xx_it.o(i.PendSV_Handler)
    Read_Dev_Choose                          0x080030dd   Thumb Code    36  commandprocess.o(i.Read_Dev_Choose)
    Req_Send                                 0x08003105   Thumb Code   114  commandprocess.o(i.Req_Send)
    SDRAM_FMC_Init                           0x08003179   Thumb Code   216  sdram.o(i.SDRAM_FMC_Init)
    SVC_Handler                              0x08003259   Thumb Code     2  stm32f7xx_it.o(i.SVC_Handler)
    SysTick_Handler                          0x0800325b   Thumb Code     4  stm32f7xx_it.o(i.SysTick_Handler)
    SystemClock_Config                       0x08003261   Thumb Code   212  clock_init.o(i.SystemClock_Config)
    SystemInit                               0x0800333d   Thumb Code    20  system_stm32f7xx.o(i.SystemInit)
    UART4_IRQHandler                         0x08003359   Thumb Code   130  stm32f7xx_it.o(i.UART4_IRQHandler)
    UART5_IRQHandler                         0x08003401   Thumb Code     6  stm32f7xx_it.o(i.UART5_IRQHandler)
    UARTSendData                             0x0800340d   Thumb Code    70  config.o(i.UARTSendData)
    UART_AdvFeatureConfig                    0x08003453   Thumb Code   218  stm32f7xx_hal_uart.o(i.UART_AdvFeatureConfig)
    UART_CheckIdleState                      0x0800352d   Thumb Code    92  stm32f7xx_hal_uart.o(i.UART_CheckIdleState)
    UART_SetConfig                           0x0800359d   Thumb Code   670  stm32f7xx_hal_uart.o(i.UART_SetConfig)
    UART_WaitOnFlagUntilTimeout              0x0800384d   Thumb Code   192  stm32f7xx_hal_uart.o(i.UART_WaitOnFlagUntilTimeout)
    USART1_IRQHandler                        0x0800390d   Thumb Code   130  stm32f7xx_it.o(i.USART1_IRQHandler)
    USART2_IRQHandler                        0x080039b5   Thumb Code   104  stm32f7xx_it.o(i.USART2_IRQHandler)
    USB2UART_Init                            0x08003a41   Thumb Code   216  usb2uart.o(i.USB2UART_Init)
    USB2UART_SendData                        0x08003b39   Thumb Code    26  usb2uart.o(i.USB2UART_SendData)
    UsageFault_Handler                       0x08003b59   Thumb Code     2  stm32f7xx_it.o(i.UsageFault_Handler)
    __scatterload_copy                       0x08003b5b   Thumb Code    14  handlers.o(i.__scatterload_copy)
    __scatterload_null                       0x08003b69   Thumb Code     2  handlers.o(i.__scatterload_null)
    __scatterload_zeroinit                   0x08003b6b   Thumb Code    14  handlers.o(i.__scatterload_zeroinit)
    free                                     0x08003b79   Thumb Code    76  malloc.o(i.free)
    getMti630Data                            0x08003bc9   Thumb Code    46  mti_630.o(i.getMti630Data)
    main                                     0x08003bfd   Thumb Code    88  main.o(i.main)
    malloc                                   0x08003c59   Thumb Code    92  malloc.o(i.malloc)
    AHBPrescTable                            0x08003ccc   Data          16  system_stm32f7xx.o(.constdata)
    APBPrescTable                            0x08003cdc   Data           8  system_stm32f7xx.o(.constdata)
    Region$$Table$$Base                      0x08003ce4   Number         0  anon$$obj.o(Region$$Table)
    Region$$Table$$Limit                     0x08003d04   Number         0  anon$$obj.o(Region$$Table)
    UART4RxEndFlag                           0x20000000   Data           1  stm32f7xx_it.o(.data)
    UART4RxLen                               0x20000001   Data           1  stm32f7xx_it.o(.data)
    UART1RxEndFlag                           0x20000002   Data           1  stm32f7xx_it.o(.data)
    UART1RxLen                               0x20000003   Data           1  stm32f7xx_it.o(.data)
    MTi630DataReceiveReg                     0x20000008   Data           1  mti_630.o(.data)
    MTi_630_aRxBuffer                        0x2000000c   Data           4  mti_630.o(.data)
    MCU_Read_Flag                            0x20000010   Data           1  commandprocess.o(.data)
    IMU_Read_Flag                            0x20000011   Data           1  commandprocess.o(.data)
    Left_Read_Flag                           0x20000012   Data           1  commandprocess.o(.data)
    Right_Read_Flag                          0x20000013   Data           1  commandprocess.o(.data)
    Motor_Read_Flag                          0x20000014   Data           1  commandprocess.o(.data)
    Motor_Read_Cmd                           0x20000015   Data           1  commandprocess.o(.data)
    Sync_Read_Len                            0x20000016   Data           1  commandprocess.o(.data)
    Bulk_Read_Len                            0x20000017   Data           1  commandprocess.o(.data)
    Motor_Length_Sign                        0x20000018   Data           1  commandprocess.o(.data)
    IMU_Ready_Flag                           0x2000001c   Data           1  dataframe.o(.data)
    MCU_Ready_Flag                           0x2000001d   Data           1  dataframe.o(.data)
    DXL_Ready_Flag                           0x2000001e   Data           1  dataframe.o(.data)
    Left_Ready_Flag                          0x2000001f   Data           1  dataframe.o(.data)
    Right_Ready_Flag                         0x20000020   Data           1  dataframe.o(.data)
    Motor_Buffer                             0x20000024   Data           4  dataframe.o(.data)
    sendBuffer                               0x20000028   Data           4  dataframe.o(.data)
    uwTickFreq                               0x2000002c   Data           1  stm32f7xx_hal.o(.data)
    uwTickPrio                               0x20000030   Data           4  stm32f7xx_hal.o(.data)
    uwTick                                   0x20000034   Data           4  stm32f7xx_hal.o(.data)
    SystemCoreClock                          0x20000038   Data           4  system_stm32f7xx.o(.data)
    __microlib_freelist                      0x2000003c   Data           4  mvars.o(.data)
    __microlib_freelist_initialised          0x20000040   Data           4  mvars.o(.data)
    huart5                                   0x20000044   Data         128  debug_uart5.o(.bss)
    DXL_aRxBuffer                            0x200000c4   Data          80  dynamixelmotor.o(.bss)
    huart1                                   0x20000114   Data         128  dynamixelmotor.o(.bss)
    hdma_uart1_tx                            0x20000194   Data          96  dynamixelmotor.o(.bss)
    hdma_uart1_rx                            0x200001f4   Data          96  dynamixelmotor.o(.bss)
    USB2UART_aRxBuffer0                      0x20000254   Data         255  usb2uart.o(.bss)
    huart4                                   0x20000354   Data         128  usb2uart.o(.bss)
    hdma_uart4_tx                            0x200003d4   Data          96  usb2uart.o(.bss)
    hdma_uart4_rx                            0x20000434   Data          96  usb2uart.o(.bss)
    huart2                                   0x20000494   Data         128  mti_630.o(.bss)
    hdma_usart2_tx                           0x20000514   Data          96  mti_630.o(.bss)
    hdma_usart2_rx                           0x20000574   Data          96  mti_630.o(.bss)
    hsdram1                                  0x200005d4   Data          52  sdram.o(.bss)
    __heap_base                              0x20000608   Data           0  startup_stm32f767xx.o(HEAP)
    __heap_limit                             0x20000808   Data           0  startup_stm32f767xx.o(HEAP)
    __initial_sp                             0x20000c08   Data           0  startup_stm32f767xx.o(STACK)
    MTi_630_aRxBuffer0                       0xc0000000   Data          65  mti_630.o(.ARM.__AT_0xC0000000)
    MTi_630_aRxBuffer1                       0xc0000100   Data          65  mti_630.o(.ARM.__AT_0xC0000100)



==============================================================================

Memory Map of the image

  Image Entry point : 0x080001f9

  Load Region LR_IROM1 (Base: 0x08000000, Size: 0x00003d48, Max: 0x00100000, ABSOLUTE)

    Execution Region ER_IROM1 (Exec base: 0x08000000, Load base: 0x08000000, Size: 0x00003d04, Max: 0x00100000, ABSOLUTE)

    Exec Addr    Load Addr    Size         Type   Attr      Idx    E Section Name        Object

    0x08000000   0x08000000   0x000001f8   Data   RO            3    RESET               startup_stm32f767xx.o
    0x080001f8   0x080001f8   0x00000000   Code   RO         3338  * .ARM.Collect$$$$00000000  mc_w.l(entry.o)
    0x080001f8   0x080001f8   0x00000004   Code   RO         3377    .ARM.Collect$$$$00000001  mc_w.l(entry2.o)
    0x080001fc   0x080001fc   0x00000004   Code   RO         3380    .ARM.Collect$$$$00000004  mc_w.l(entry5.o)
    0x08000200   0x08000200   0x00000000   Code   RO         3382    .ARM.Collect$$$$00000008  mc_w.l(entry7b.o)
    0x08000200   0x08000200   0x00000000   Code   RO         3384    .ARM.Collect$$$$0000000A  mc_w.l(entry8b.o)
    0x08000200   0x08000200   0x00000008   Code   RO         3385    .ARM.Collect$$$$0000000B  mc_w.l(entry9a.o)
    0x08000208   0x08000208   0x00000000   Code   RO         3387    .ARM.Collect$$$$0000000D  mc_w.l(entry10a.o)
    0x08000208   0x08000208   0x00000000   Code   RO         3389    .ARM.Collect$$$$0000000F  mc_w.l(entry11a.o)
    0x08000208   0x08000208   0x00000004   Code   RO         3378    .ARM.Collect$$$$00002712  mc_w.l(entry2.o)
    0x0800020c   0x0800020c   0x00000024   Code   RO            4    .text               startup_stm32f767xx.o
    0x08000230   0x08000230   0x00000062   Code   RO         3341    .text               mc_w.l(uldiv.o)
    0x08000292   0x08000292   0x00000024   Code   RO         3345    .text               mc_w.l(memseta.o)
    0x080002b6   0x080002b6   0x0000001e   Code   RO         3391    .text               mc_w.l(llshl.o)
    0x080002d4   0x080002d4   0x00000020   Code   RO         3393    .text               mc_w.l(llushr.o)
    0x080002f4   0x080002f4   0x00000024   Code   RO         3397    .text               mc_w.l(init.o)
    0x08000318   0x08000318   0x00000002   Code   RO          194    i.BusFault_Handler  stm32f7xx_it.o
    0x0800031a   0x0800031a   0x00000002   PAD
    0x0800031c   0x0800031c   0x00000090   Code   RO          537    i.CacheEnalble      config.o
    0x080003ac   0x080003ac   0x00000084   Code   RO          681    i.Cmd_Distribute    commandprocess.o
    0x08000430   0x08000430   0x000001a2   Code   RO          682    i.Config_Send       commandprocess.o
    0x080005d2   0x080005d2   0x00000002   PAD
    0x080005d4   0x080005d4   0x000000e0   Code   RO          195    i.DMA1_Stream5_IRQHandler  stm32f7xx_it.o
    0x080006b4   0x080006b4   0x0000000c   Code   RO          196    i.DMA1_Stream6_IRQHandler  stm32f7xx_it.o
    0x080006c0   0x080006c0   0x00000144   Code   RO          476    i.DXLMotor_Init     dynamixelmotor.o
    0x08000804   0x08000804   0x00000040   Code   RO          481    i.DXL_SendData      dynamixelmotor.o
    0x08000844   0x08000844   0x00000028   Code   RO          683    i.Data_Receive      commandprocess.o
    0x0800086c   0x0800086c   0x0000000e   Code   RO          783    i.Data_Send         dataframe.o
    0x0800087a   0x0800087a   0x00000002   Code   RO          197    i.DebugMon_Handler  stm32f7xx_it.o
    0x0800087c   0x0800087c   0x0000004c   Code   RO          684    i.Device_Choose     commandprocess.o
    0x080008c8   0x080008c8   0x00000016   Code   RO          198    i.EXTI15_10_IRQHandler  stm32f7xx_it.o
    0x080008de   0x080008de   0x00000002   Code   RO          538    i.Error_Handler     config.o
    0x080008e0   0x080008e0   0x0000005e   Code   RO         3168    i.FMC_SDRAM_Init    stm32f7xx_ll_fmc.o
    0x0800093e   0x0800093e   0x00000024   Code   RO         3170    i.FMC_SDRAM_SendCommand  stm32f7xx_ll_fmc.o
    0x08000962   0x08000962   0x0000000c   Code   RO         3171    i.FMC_SDRAM_SetAutoRefreshNumber  stm32f7xx_ll_fmc.o
    0x0800096e   0x0800096e   0x00000092   Code   RO         3172    i.FMC_SDRAM_Timing_Init  stm32f7xx_ll_fmc.o
    0x08000a00   0x08000a00   0x00000804   Code   RO         1946    i.HAL_DMAEx_MultiBufferStart_IT  stm32f7xx_hal_dma_ex.o
    0x08001204   0x08001204   0x00000024   Code   RO         1854    i.HAL_DMA_Abort_IT  stm32f7xx_hal_dma.o
    0x08001228   0x08001228   0x000001e0   Code   RO         1858    i.HAL_DMA_IRQHandler  stm32f7xx_hal_dma.o
    0x08001408   0x08001408   0x00000154   Code   RO         1859    i.HAL_DMA_Init      stm32f7xx_hal_dma.o
    0x0800155c   0x0800155c   0x0000007a   Code   RO         1862    i.HAL_DMA_Start     stm32f7xx_hal_dma.o
    0x080015d6   0x080015d6   0x00000002   PAD
    0x080015d8   0x080015d8   0x00000028   Code   RO         2203    i.HAL_Delay         stm32f7xx_hal.o
    0x08001600   0x08001600   0x0000005c   Code   RO          443    i.HAL_GPIO_EXTI_Callback  key.o
    0x0800165c   0x0800165c   0x00000018   Code   RO         1789    i.HAL_GPIO_EXTI_IRQHandler  stm32f7xx_hal_gpio.o
    0x08001674   0x08001674   0x00000244   Code   RO         1790    i.HAL_GPIO_Init     stm32f7xx_hal_gpio.o
    0x080018b8   0x080018b8   0x0000000a   Code   RO         1792    i.HAL_GPIO_ReadPin  stm32f7xx_hal_gpio.o
    0x080018c2   0x080018c2   0x0000000c   Code   RO         1793    i.HAL_GPIO_TogglePin  stm32f7xx_hal_gpio.o
    0x080018ce   0x080018ce   0x0000000a   Code   RO         1794    i.HAL_GPIO_WritePin  stm32f7xx_hal_gpio.o
    0x080018d8   0x080018d8   0x0000000c   Code   RO         2213    i.HAL_GetTick       stm32f7xx_hal.o
    0x080018e4   0x080018e4   0x00000010   Code   RO         2219    i.HAL_IncTick       stm32f7xx_hal.o
    0x080018f4   0x080018f4   0x00000016   Code   RO         2220    i.HAL_Init          stm32f7xx_hal.o
    0x0800190a   0x0800190a   0x00000002   PAD
    0x0800190c   0x0800190c   0x00000040   Code   RO         2221    i.HAL_InitTick      stm32f7xx_hal.o
    0x0800194c   0x0800194c   0x00000034   Code   RO          314    i.HAL_MspInit       stm32f7xx_hal_msp.o
    0x08001980   0x08001980   0x0000001e   Code   RO          889    i.HAL_NVIC_EnableIRQ  stm32f7xx_hal_cortex.o
    0x0800199e   0x0800199e   0x00000002   PAD
    0x080019a0   0x080019a0   0x00000064   Code   RO          895    i.HAL_NVIC_SetPriority  stm32f7xx_hal_cortex.o
    0x08001a04   0x08001a04   0x00000024   Code   RO          896    i.HAL_NVIC_SetPriorityGrouping  stm32f7xx_hal_cortex.o
    0x08001a28   0x08001a28   0x0000007c   Code   RO         2110    i.HAL_PWREx_EnableOverDrive  stm32f7xx_hal_pwr_ex.o
    0x08001aa4   0x08001aa4   0x00000010   Code   RO         1987    i.HAL_PWR_EnableBkUpAccess  stm32f7xx_hal_pwr.o
    0x08001ab4   0x08001ab4   0x000005cc   Code   RO         1587    i.HAL_RCCEx_PeriphCLKConfig  stm32f7xx_hal_rcc_ex.o
    0x08002080   0x08002080   0x00000002   Code   RO         1480    i.HAL_RCC_CSSCallback  stm32f7xx_hal_rcc.o
    0x08002082   0x08002082   0x00000002   PAD
    0x08002084   0x08002084   0x00000170   Code   RO         1481    i.HAL_RCC_ClockConfig  stm32f7xx_hal_rcc.o
    0x080021f4   0x080021f4   0x00000010   Code   RO         1484    i.HAL_RCC_EnableCSS  stm32f7xx_hal_rcc.o
    0x08002204   0x08002204   0x00000020   Code   RO         1488    i.HAL_RCC_GetPCLK1Freq  stm32f7xx_hal_rcc.o
    0x08002224   0x08002224   0x00000020   Code   RO         1489    i.HAL_RCC_GetPCLK2Freq  stm32f7xx_hal_rcc.o
    0x08002244   0x08002244   0x00000074   Code   RO         1490    i.HAL_RCC_GetSysClockFreq  stm32f7xx_hal_rcc.o
    0x080022b8   0x080022b8   0x00000024   Code   RO         1492    i.HAL_RCC_NMI_IRQHandler  stm32f7xx_hal_rcc.o
    0x080022dc   0x080022dc   0x00000450   Code   RO         1493    i.HAL_RCC_OscConfig  stm32f7xx_hal_rcc.o
    0x0800272c   0x0800272c   0x00000042   Code   RO         3003    i.HAL_SDRAM_Init    stm32f7xx_hal_sdram.o
    0x0800276e   0x0800276e   0x00000002   PAD
    0x08002770   0x08002770   0x00000118   Code   RO          315    i.HAL_SDRAM_MspInit  stm32f7xx_hal_msp.o
    0x08002888   0x08002888   0x0000002e   Code   RO         3012    i.HAL_SDRAM_SendCommand  stm32f7xx_hal_sdram.o
    0x080028b6   0x080028b6   0x00000024   Code   RO         3013    i.HAL_SDRAM_SetAutoRefreshNumber  stm32f7xx_hal_sdram.o
    0x080028da   0x080028da   0x00000002   PAD
    0x080028dc   0x080028dc   0x0000002c   Code   RO          900    i.HAL_SYSTICK_Config  stm32f7xx_hal_cortex.o
    0x08002908   0x08002908   0x00000002   Code   RO         1059    i.HAL_UARTEx_WakeupCallback  stm32f7xx_hal_uart.o
    0x0800290a   0x0800290a   0x00000034   Code   RO         1074    i.HAL_UART_EnableReceiverTimeout  stm32f7xx_hal_uart.o
    0x0800293e   0x0800293e   0x00000002   Code   RO         1075    i.HAL_UART_ErrorCallback  stm32f7xx_hal_uart.o
    0x08002940   0x08002940   0x000001c4   Code   RO         1078    i.HAL_UART_IRQHandler  stm32f7xx_hal_uart.o
    0x08002b04   0x08002b04   0x0000006a   Code   RO         1079    i.HAL_UART_Init     stm32f7xx_hal_uart.o
    0x08002b6e   0x08002b6e   0x00000002   PAD
    0x08002b70   0x08002b70   0x00000168   Code   RO          317    i.HAL_UART_MspInit  stm32f7xx_hal_msp.o
    0x08002cd8   0x08002cd8   0x0000000e   Code   RO         1085    i.HAL_UART_ReceiverTimeout_Config  stm32f7xx_hal_uart.o
    0x08002ce6   0x08002ce6   0x00000002   Code   RO         1091    i.HAL_UART_TxCpltCallback  stm32f7xx_hal_uart.o
    0x08002ce8   0x08002ce8   0x00000002   Code   RO          199    i.HardFault_Handler  stm32f7xx_it.o
    0x08002cea   0x08002cea   0x00000002   PAD
    0x08002cec   0x08002cec   0x00000074   Code   RO          416    i.LED_Init          led.o
    0x08002d60   0x08002d60   0x00000154   Code   RO          629    i.MTi_630_Init      mti_630.o
    0x08002eb4   0x08002eb4   0x00000002   Code   RO          200    i.MemManage_Handler  stm32f7xx_it.o
    0x08002eb6   0x08002eb6   0x00000002   PAD
    0x08002eb8   0x08002eb8   0x00000098   Code   RO          688    i.Motor_Data_Read   commandprocess.o
    0x08002f50   0x08002f50   0x0000013c   Code   RO          787    i.Motor_Frame       dataframe.o
    0x0800308c   0x0800308c   0x00000004   Code   RO          201    i.NMI_Handler       stm32f7xx_it.o
    0x08003090   0x08003090   0x00000048   Code   RO          788    i.Packet_Frame      dataframe.o
    0x080030d8   0x080030d8   0x00000002   Code   RO          202    i.PendSV_Handler    stm32f7xx_it.o
    0x080030da   0x080030da   0x00000002   PAD
    0x080030dc   0x080030dc   0x00000028   Code   RO          690    i.Read_Dev_Choose   commandprocess.o
    0x08003104   0x08003104   0x00000072   Code   RO          691    i.Req_Send          commandprocess.o
    0x08003176   0x08003176   0x00000002   PAD
    0x08003178   0x08003178   0x000000e0   Code   RO          854    i.SDRAM_FMC_Init    sdram.o
    0x08003258   0x08003258   0x00000002   Code   RO          203    i.SVC_Handler       stm32f7xx_it.o
    0x0800325a   0x0800325a   0x00000004   Code   RO          204    i.SysTick_Handler   stm32f7xx_it.o
    0x0800325e   0x0800325e   0x00000002   PAD
    0x08003260   0x08003260   0x000000dc   Code   RO          358    i.SystemClock_Config  clock_init.o
    0x0800333c   0x0800333c   0x0000001c   Code   RO         3304    i.SystemInit        system_stm32f7xx.o
    0x08003358   0x08003358   0x000000a8   Code   RO          205    i.UART4_IRQHandler  stm32f7xx_it.o
    0x08003400   0x08003400   0x0000000c   Code   RO          206    i.UART5_IRQHandler  stm32f7xx_it.o
    0x0800340c   0x0800340c   0x00000046   Code   RO          540    i.UARTSendData      config.o
    0x08003452   0x08003452   0x000000da   Code   RO         1093    i.UART_AdvFeatureConfig  stm32f7xx_hal_uart.o
    0x0800352c   0x0800352c   0x0000005c   Code   RO         1094    i.UART_CheckIdleState  stm32f7xx_hal_uart.o
    0x08003588   0x08003588   0x00000014   Code   RO         1095    i.UART_DMAAbortOnError  stm32f7xx_hal_uart.o
    0x0800359c   0x0800359c   0x000002b0   Code   RO         1107    i.UART_SetConfig    stm32f7xx_hal_uart.o
    0x0800384c   0x0800384c   0x000000c0   Code   RO         1110    i.UART_WaitOnFlagUntilTimeout  stm32f7xx_hal_uart.o
    0x0800390c   0x0800390c   0x000000a8   Code   RO          207    i.USART1_IRQHandler  stm32f7xx_it.o
    0x080039b4   0x080039b4   0x0000008c   Code   RO          208    i.USART2_IRQHandler  stm32f7xx_it.o
    0x08003a40   0x08003a40   0x000000f8   Code   RO          589    i.USB2UART_Init     usb2uart.o
    0x08003b38   0x08003b38   0x00000020   Code   RO          590    i.USB2UART_SendData  usb2uart.o
    0x08003b58   0x08003b58   0x00000002   Code   RO          209    i.UsageFault_Handler  stm32f7xx_it.o
    0x08003b5a   0x08003b5a   0x0000000e   Code   RO         3401    i.__scatterload_copy  mc_w.l(handlers.o)
    0x08003b68   0x08003b68   0x00000002   Code   RO         3402    i.__scatterload_null  mc_w.l(handlers.o)
    0x08003b6a   0x08003b6a   0x0000000e   Code   RO         3403    i.__scatterload_zeroinit  mc_w.l(handlers.o)
    0x08003b78   0x08003b78   0x00000050   Code   RO         3349    i.free              mc_w.l(malloc.o)
    0x08003bc8   0x08003bc8   0x00000034   Code   RO          632    i.getMti630Data     mti_630.o
    0x08003bfc   0x08003bfc   0x0000005c   Code   RO           13    i.main              main.o
    0x08003c58   0x08003c58   0x0000006c   Code   RO         3350    i.malloc            mc_w.l(malloc.o)
    0x08003cc4   0x08003cc4   0x00000008   Data   RO         1865    .constdata          stm32f7xx_hal_dma.o
    0x08003ccc   0x08003ccc   0x00000010   Data   RO         3305    .constdata          system_stm32f7xx.o
    0x08003cdc   0x08003cdc   0x00000008   Data   RO         3306    .constdata          system_stm32f7xx.o
    0x08003ce4   0x08003ce4   0x00000020   Data   RO         3399    Region$$Table       anon$$obj.o


    Execution Region RW_IRAM1 (Exec base: 0x20000000, Load base: 0x08003d04, Size: 0x00000c08, Max: 0x00080000, ABSOLUTE)

    Exec Addr    Load Addr    Size         Type   Attr      Idx    E Section Name        Object

    0x20000000   0x08003d04   0x00000004   Data   RW          210    .data               stm32f7xx_it.o
    0x20000004   0x08003d08   0x00000004   Data   RW          318    .data               stm32f7xx_hal_msp.o
    0x20000008   0x08003d0c   0x00000008   Data   RW          636    .data               mti_630.o
    0x20000010   0x08003d14   0x00000008   Data   RW          695    .data               commandprocess.o
    0x20000018   0x08003d1c   0x00000001   Data   RW          696    .data               commandprocess.o
    0x20000019   0x08003d1d   0x00000003   PAD
    0x2000001c   0x08003d20   0x00000010   Data   RW          790    .data               dataframe.o
    0x2000002c   0x08003d30   0x0000000c   Data   RW         2227    .data               stm32f7xx_hal.o
    0x20000038   0x08003d3c   0x00000004   Data   RW         3307    .data               system_stm32f7xx.o
    0x2000003c   0x08003d40   0x00000004   Data   RW         3395    .data               mc_w.l(mvars.o)
    0x20000040   0x08003d44   0x00000004   Data   RW         3396    .data               mc_w.l(mvars.o)
    0x20000044        -       0x00000080   Zero   RW          386    .bss                debug_uart5.o
    0x200000c4        -       0x00000190   Zero   RW          482    .bss                dynamixelmotor.o
    0x20000254        -       0x00000240   Zero   RW          591    .bss                usb2uart.o
    0x20000494        -       0x00000140   Zero   RW          635    .bss                mti_630.o
    0x200005d4        -       0x00000034   Zero   RW          855    .bss                sdram.o
    0x20000608        -       0x00000200   Zero   RW            2    HEAP                startup_stm32f767xx.o
    0x20000808        -       0x00000400   Zero   RW            1    STACK               startup_stm32f767xx.o



  Load Region LR$$.ARM.__AT_0xC0000000 (Base: 0xc0000000, Size: 0x00000000, Max: 0x00000044, ABSOLUTE)

    Execution Region ER$$.ARM.__AT_0xC0000000 (Exec base: 0xc0000000, Load base: 0xc0000000, Size: 0x00000044, Max: 0x00000044, ABSOLUTE, UNINIT)

    Exec Addr    Load Addr    Size         Type   Attr      Idx    E Section Name        Object

    0xc0000000        -       0x00000041   Zero   RW          633    .ARM.__AT_0xC0000000  mti_630.o



  Load Region LR$$.ARM.__AT_0xC0000100 (Base: 0xc0000100, Size: 0x00000000, Max: 0x00000044, ABSOLUTE)

    Execution Region ER$$.ARM.__AT_0xC0000100 (Exec base: 0xc0000100, Load base: 0xc0000100, Size: 0x00000044, Max: 0x00000044, ABSOLUTE, UNINIT)

    Exec Addr    Load Addr    Size         Type   Attr      Idx    E Section Name        Object

    0xc0000100        -       0x00000041   Zero   RW          634    .ARM.__AT_0xC0000100  mti_630.o


==============================================================================

Image component sizes


      Code (inc. data)   RO Data    RW Data    ZI Data      Debug   Object Name

       220          8          0          0          0       1081   clock_init.o
       972         40          0          9          0       8470   commandprocess.o
       216         20          0          0          0      37285   config.o
       402         54          0         16          0       2889   dataframe.o
         0          0          0          0        128        571   debug_uart5.o
       388         48          0          0        400       3686   dynamixelmotor.o
        92          6          0          0          0        645   key.o
       116         10          0          0          0        887   led.o
        92          4          0          0          0     850671   main.o
       392         46          0          8        450       2275   mti_630.o
       224          8          0          0         52       1675   sdram.o
        36          8        504          0       1536        828   startup_stm32f767xx.o
       154         26          0         12          0       9137   stm32f7xx_hal.o
       210         18          0          0          0      38407   stm32f7xx_hal_cortex.o
       978         18          8          0          0       4975   stm32f7xx_hal_dma.o
      2052        100          0          0          0       2020   stm32f7xx_hal_dma_ex.o
       636         26          0          0          0       4523   stm32f7xx_hal_gpio.o
       692         62          0          4          0       3233   stm32f7xx_hal_msp.o
        16          4          0          0          0        539   stm32f7xx_hal_pwr.o
       124         10          0          0          0       1280   stm32f7xx_hal_pwr_ex.o
      1706        106          0          0          0       7169   stm32f7xx_hal_rcc.o
      1484         40          0          0          0       2480   stm32f7xx_hal_rcc_ex.o
       148          0          0          0          0       2750   stm32f7xx_hal_sdram.o
      1840         44          0          0          0      10321   stm32f7xx_hal_uart.o
       768        178          0          4          0       8965   stm32f7xx_it.o
       288          0          0          0          0       3546   stm32f7xx_ll_fmc.o
        28          8         24          4          0       1107   system_stm32f7xx.o
       280         38          0          0        576       2304   usb2uart.o

    ----------------------------------------------------------------------
     14582        930        568         60       3148    1013719   Object Totals
         0          0         32          0          0          0   (incl. Generated)
        28          0          0          3          6          0   (incl. Padding)

    ----------------------------------------------------------------------

      Code (inc. data)   RO Data    RW Data    ZI Data      Debug   Library Member Name

         0          0          0          0          0          0   entry.o
         0          0          0          0          0          0   entry10a.o
         0          0          0          0          0          0   entry11a.o
         8          4          0          0          0          0   entry2.o
         4          0          0          0          0          0   entry5.o
         0          0          0          0          0          0   entry7b.o
         0          0          0          0          0          0   entry8b.o
         8          4          0          0          0          0   entry9a.o
        30          0          0          0          0          0   handlers.o
        36          8          0          0          0         68   init.o
        30          0          0          0          0         68   llshl.o
        32          0          0          0          0         68   llushr.o
       188         20          0          0          0        160   malloc.o
        36          0          0          0          0        108   memseta.o
         0          0          0          8          0          0   mvars.o
        98          0          0          0          0         92   uldiv.o

    ----------------------------------------------------------------------
       470         36          0          8          0        564   Library Totals
         0          0          0          0          0          0   (incl. Padding)

    ----------------------------------------------------------------------

      Code (inc. data)   RO Data    RW Data    ZI Data      Debug   Library Name

       470         36          0          8          0        564   mc_w.l

    ----------------------------------------------------------------------
       470         36          0          8          0        564   Library Totals

    ----------------------------------------------------------------------

==============================================================================


      Code (inc. data)   RO Data    RW Data    ZI Data      Debug   

     15052        966        568         68       3148    1005579   Grand Totals
     15052        966        568         68       3148    1005579   ELF Image Totals
     15052        966        568         68          0          0   ROM Totals

==============================================================================

    Total RO  Size (Code + RO Data)                15620 (  15.25kB)
    Total RW  Size (RW Data + ZI Data)              3216 (   3.14kB)
    Total ROM Size (Code + RO Data + RW Data)      15688 (  15.32kB)

==============================================================================

